157.56.93.49 - - [23/Apr/2013:03:50:50 -0700] "GET /robots.txt HTTP/1.1" 404 525 "-" "Mozilla/5.0 (compatible; bingbot/2.0; +http://www.bing.com/bingbot.htm)"
157.56.93.49 - - [23/Apr/2013:03:52:35 -0700] "GET / HTTP/1.1" 200 570 "-" "Mozilla/5.0 (compatible; bingbot/2.0; +http://www.bing.com/bingbot.htm)"
66.249.76.127 - - [23/Apr/2013:03:59:36 -0700] "GET /robots.txt HTTP/1.1" 404 501 "-" "Mozilla/5.0 (compatible; Googlebot/2.1; +http://www.google.com/bot.html)"
66.249.76.127 - - [23/Apr/2013:03:59:36 -0700] "GET / HTTP/1.1" 200 569 "-" "Mozilla/5.0 (compatible; Googlebot/2.1; +http://www.google.com/bot.html)"
95.108.240.252 - - [23/Apr/2013:05:17:19 -0700] "GET / HTTP/1.1" 200 570 "-" "Mozilla/5.0 (compatible; YandexBot/3.0; +http://yandex.com/bots)"
95.108.240.252 - - [23/Apr/2013:05:39:16 -0700] "GET / HTTP/1.1" 200 570 "-" "Mozilla/5.0 (compatible; YandexBot/3.0; +http://yandex.com/bots)"
95.110.65.243 - - [23/Apr/2013:08:37:49 -0700] "GET /admin.php HTTP/1.0" 404 524 "-" "Opera/9.80 (Windows NT 6.1; U; ru) Presto/2.8.131 Version/11.10"
95.110.65.243 - - [23/Apr/2013:08:37:50 -0700] "GET /administrator/index.php HTTP/1.0" 404 538 "-" "Opera/9.80 (Windows NT 6.1; U; ru) Presto/2.8.131 Version/11.10"
95.110.65.243 - - [23/Apr/2013:08:37:50 -0700] "GET /wp-login.php HTTP/1.0" 404 527 "-" "Opera/9.80 (Windows NT 6.1; U; ru) Presto/2.8.131 Version/11.10"
95.108.240.252 - - [23/Apr/2013:14:31:23 -0700] "GET /robots.txt HTTP/1.1" 404 525 "-" "Mozilla/5.0 (compatible; YandexBot/3.0; +http://yandex.com/bots)"
157.56.93.49 - - [23/Apr/2013:15:41:13 -0700] "GET /robots.txt HTTP/1.1" 404 525 "-" "Mozilla/5.0 (compatible; bingbot/2.0; +http://www.bing.com/bingbot.htm)"
157.56.93.49 - - [23/Apr/2013:15:43:12 -0700] "GET / HTTP/1.1" 200 570 "-" "Mozilla/5.0 (compatible; bingbot/2.0; +http://www.bing.com/bingbot.htm)"
211.103.1.98 - - [23/Apr/2013:17:27:17 -0700] "GET /48985917.html HTTP/1.1" 404 471 "-" "Mozilla/4.0 (compatible; MSIE 6.0; Windows NT 5.1; SV1)"
66.249.76.232 - - [23/Apr/2013:19:05:55 -0700] "GET /robots.txt HTTP/1.1" 404 502 "-" "Mozilla/5.0 (compatible; Googlebot/2.1; +http://www.google.com/bot.html)"
66.249.76.232 - - [23/Apr/2013:19:05:55 -0700] "GET / HTTP/1.1" 200 569 "-" "Mozilla/5.0 (iPhone; U; CPU iPhone OS 4_1 like Mac OS X; en-us) AppleWebKit/532.9 (KHTML, like Gecko) Version/4.0.5 Mobile/8B117 Safari/6531.22.7 (compatible; Googlebot-Mobile/2.1; +http://www.google.com/bot.html)"
95.108.240.252 - - [23/Apr/2013:20:51:06 -0700] "GET / HTTP/1.1" 200 570 "-" "Mozilla/5.0 (compatible; YandexBot/3.0; +http://yandex.com/bots)"
157.56.93.49 - - [24/Apr/2013:03:23:48 -0700] "GET /robots.txt HTTP/1.1" 404 525 "-" "Mozilla/5.0 (compatible; bingbot/2.0; +http://www.bing.com/bingbot.htm)"
157.56.93.49 - - [24/Apr/2013:03:25:44 -0700] "GET / HTTP/1.1" 200 570 "-" "Mozilla/5.0 (compatible; bingbot/2.0; +http://www.bing.com/bingbot.htm)"
77.78.104.50 - - [24/Apr/2013:06:45:41 -0700] "HEAD / HTTP/1.0" 200 192 "-" "-"
157.56.93.49 - - [24/Apr/2013:15:26:49 -0700] "GET /robots.txt HTTP/1.1" 404 525 "-" "Mozilla/5.0 (compatible; bingbot/2.0; +http://www.bing.com/bingbot.htm)"
157.56.93.49 - - [24/Apr/2013:15:32:02 -0700] "GET / HTTP/1.1" 200 570 "-" "Mozilla/5.0 (compatible; bingbot/2.0; +http://www.bing.com/bingbot.htm)"
218.205.181.80 - - [24/Apr/2013:21:01:55 -0700] "GET /67450013.html HTTP/1.1" 404 471 "-" "Mozilla/4.0 (compatible; MSIE 6.0; Windows NT 5.1; SV1)"
157.55.34.171 - - [24/Apr/2013:21:33:42 -0700] "GET /robots.txt HTTP/1.1" 404 525 "-" "Mozilla/5.0 (compatible; bingbot/2.0; +http://www.bing.com/bingbot.htm)"
157.55.34.171 - - [24/Apr/2013:21:35:40 -0700] "GET / HTTP/1.1" 200 570 "-" "Mozilla/5.0 (compatible; bingbot/2.0; +http://www.bing.com/bingbot.htm)"
157.56.93.49 - - [24/Apr/2013:22:48:02 -0700] "GET /robots.txt HTTP/1.1" 404 525 "-" "Mozilla/5.0 (compatible; bingbot/2.0; +http://www.bing.com/bingbot.htm)"
157.56.93.49 - - [24/Apr/2013:22:50:01 -0700] "GET / HTTP/1.1" 200 570 "-" "Mozilla/5.0 (compatible; bingbot/2.0; +http://www.bing.com/bingbot.htm)"
157.56.93.49 - - [25/Apr/2013:03:37:49 -0700] "GET /robots.txt HTTP/1.1" 404 525 "-" "Mozilla/5.0 (compatible; bingbot/2.0; +http://www.bing.com/bingbot.htm)"
157.56.93.49 - - [25/Apr/2013:03:39:33 -0700] "GET / HTTP/1.1" 200 570 "-" "Mozilla/5.0 (compatible; bingbot/2.0; +http://www.bing.com/bingbot.htm)"
5.135.125.180 - - [25/Apr/2013:04:36:41 -0700] "GET / HTTP/1.1" 200 787 "-" "Mozilla/5.0 (Windows NT 5.1; U; en-US; rv:1.9.1.6) Gecko/20091201 Firefox/3.5.6 Opera 10.70"
66.249.73.149 - - [25/Apr/2013:06:59:15 -0700] "GET /robots.txt HTTP/1.1" 404 502 "-" "Mozilla/5.0 (compatible; Googlebot/2.1; +http://www.google.com/bot.html)"
66.249.73.149 - - [25/Apr/2013:06:59:15 -0700] "GET / HTTP/1.1" 200 569 "-" "Mozilla/5.0 (compatible; Googlebot/2.1; +http://www.google.com/bot.html)"
66.249.73.234 - - [25/Apr/2013:06:59:43 -0700] "GET /robots.txt HTTP/1.1" 404 502 "-" "Mozilla/5.0 (compatible; Googlebot/2.1; +http://www.google.com/bot.html)"
66.249.73.234 - - [25/Apr/2013:06:59:43 -0700] "GET / HTTP/1.1" 200 569 "-" "Mozilla/5.0 (compatible; Googlebot/2.1; +http://www.google.com/bot.html)"
157.56.93.49 - - [25/Apr/2013:14:49:13 -0700] "GET /robots.txt HTTP/1.1" 404 525 "-" "Mozilla/5.0 (compatible; bingbot/2.0; +http://www.bing.com/bingbot.htm)"
157.56.93.49 - - [25/Apr/2013:14:51:35 -0700] "GET / HTTP/1.1" 200 570 "-" "Mozilla/5.0 (compatible; bingbot/2.0; +http://www.bing.com/bingbot.htm)"
157.56.93.49 - - [25/Apr/2013:14:51:38 -0700] "GET / HTTP/1.1" 200 570 "-" "Mozilla/5.0 (compatible; bingbot/2.0; +http://www.bing.com/bingbot.htm)"
94.102.51.246 - - [25/Apr/2013:15:06:18 -0700] "GET http://24x7-allrequestsallowed.com/?PHPSESSID=7jy745aa00143P%5BQJ%5EW_F%40MFU%40V HTTP/1.1" 200 787 "-" "Mozilla/5.0 (Windows NT 6.1; rv:16.0) Gecko/20100101 Firefox/16.0"
5.135.125.183 - - [25/Apr/2013:15:19:14 -0700] "GET / HTTP/1.1" 200 787 "-" "Mozilla/5.0 (Macintosh; U; Intel Mac OS X 10_6_6; en-us) AppleWebKit/533.20.25 (KHTML, like Gecko) Version/5.0.4 Safari/533.20.27Mozilla/5.0 (compatible; MSIE 9.0; Windows NT 6.1; Trident/5.0)"
108.185.103.13 - - [25/Apr/2013:17:52:46 -0700] "GET / HTTP/1.1" 200 570 "-" "Mozilla/5.0 (Windows NT 6.1; WOW64) AppleWebKit/537.31 (KHTML, like Gecko) Chrome/26.0.1410.64 Safari/537.31"
108.185.103.13 - - [25/Apr/2013:17:52:47 -0700] "GET /style.css HTTP/1.1" 404 500 "http://uscauv.com/" "Mozilla/5.0 (Windows NT 6.1; WOW64) AppleWebKit/537.31 (KHTML, like Gecko) Chrome/26.0.1410.64 Safari/537.31"
108.185.103.13 - - [25/Apr/2013:17:52:49 -0700] "GET /favicon.ico HTTP/1.1" 404 501 "-" "Mozilla/5.0 (Windows NT 6.1; WOW64) AppleWebKit/537.31 (KHTML, like Gecko) Chrome/26.0.1410.64 Safari/537.31"
108.185.103.13 - - [25/Apr/2013:17:52:51 -0700] "GET /about.php HTTP/1.1" 200 346 "http://uscauv.com/" "Mozilla/5.0 (Windows NT 6.1; WOW64) AppleWebKit/537.31 (KHTML, like Gecko) Chrome/26.0.1410.64 Safari/537.31"
108.185.103.13 - - [25/Apr/2013:17:52:51 -0700] "GET /favicon.ico HTTP/1.1" 404 501 "-" "Mozilla/5.0 (Windows NT 6.1; WOW64) AppleWebKit/537.31 (KHTML, like Gecko) Chrome/26.0.1410.64 Safari/537.31"
108.185.103.13 - - [25/Apr/2013:17:52:53 -0700] "GET /favicon.ico HTTP/1.1" 404 501 "-" "Mozilla/5.0 (Windows NT 6.1; WOW64) AppleWebKit/537.31 (KHTML, like Gecko) Chrome/26.0.1410.64 Safari/537.31"
108.185.103.13 - - [25/Apr/2013:17:52:55 -0700] "GET /competition.php HTTP/1.1" 200 339 "http://uscauv.com/" "Mozilla/5.0 (Windows NT 6.1; WOW64) AppleWebKit/537.31 (KHTML, like Gecko) Chrome/26.0.1410.64 Safari/537.31"
108.185.103.13 - - [25/Apr/2013:17:52:55 -0700] "GET /favicon.ico HTTP/1.1" 404 501 "-" "Mozilla/5.0 (Windows NT 6.1; WOW64) AppleWebKit/537.31 (KHTML, like Gecko) Chrome/26.0.1410.64 Safari/537.31"
108.185.103.13 - - [25/Apr/2013:17:52:57 -0700] "GET /favicon.ico HTTP/1.1" 404 501 "-" "Mozilla/5.0 (Windows NT 6.1; WOW64) AppleWebKit/537.31 (KHTML, like Gecko) Chrome/26.0.1410.64 Safari/537.31"
108.185.103.13 - - [25/Apr/2013:17:53:00 -0700] "GET /favicon.ico HTTP/1.1" 404 501 "-" "Mozilla/5.0 (Windows NT 6.1; WOW64) AppleWebKit/537.31 (KHTML, like Gecko) Chrome/26.0.1410.64 Safari/537.31"
108.185.103.13 - - [25/Apr/2013:17:53:03 -0700] "GET /robot.php HTTP/1.1" 200 351 "http://uscauv.com/" "Mozilla/5.0 (Windows NT 6.1; WOW64) AppleWebKit/537.31 (KHTML, like Gecko) Chrome/26.0.1410.64 Safari/537.31"
108.185.103.13 - - [25/Apr/2013:17:53:03 -0700] "GET /favicon.ico HTTP/1.1" 404 501 "-" "Mozilla/5.0 (Windows NT 6.1; WOW64) AppleWebKit/537.31 (KHTML, like Gecko) Chrome/26.0.1410.64 Safari/537.31"
108.185.103.13 - - [25/Apr/2013:17:53:05 -0700] "GET /favicon.ico HTTP/1.1" 404 501 "-" "Mozilla/5.0 (Windows NT 6.1; WOW64) AppleWebKit/537.31 (KHTML, like Gecko) Chrome/26.0.1410.64 Safari/537.31"
108.185.103.13 - - [25/Apr/2013:17:53:06 -0700] "GET /sponsors.php HTTP/1.1" 200 331 "http://uscauv.com/" "Mozilla/5.0 (Windows NT 6.1; WOW64) AppleWebKit/537.31 (KHTML, like Gecko) Chrome/26.0.1410.64 Safari/537.31"
108.185.103.13 - - [25/Apr/2013:17:53:06 -0700] "GET /favicon.ico HTTP/1.1" 404 501 "-" "Mozilla/5.0 (Windows NT 6.1; WOW64) AppleWebKit/537.31 (KHTML, like Gecko) Chrome/26.0.1410.64 Safari/537.31"
108.185.103.13 - - [25/Apr/2013:17:53:08 -0700] "GET /favicon.ico HTTP/1.1" 404 501 "-" "Mozilla/5.0 (Windows NT 6.1; WOW64) AppleWebKit/537.31 (KHTML, like Gecko) Chrome/26.0.1410.64 Safari/537.31"
108.185.103.13 - - [25/Apr/2013:17:53:09 -0700] "GET /index.php HTTP/1.1" 200 569 "http://uscauv.com/" "Mozilla/5.0 (Windows NT 6.1; WOW64) AppleWebKit/537.31 (KHTML, like Gecko) Chrome/26.0.1410.64 Safari/537.31"
108.185.103.13 - - [25/Apr/2013:17:53:09 -0700] "GET /style.css HTTP/1.1" 404 500 "http://uscauv.com/index.php" "Mozilla/5.0 (Windows NT 6.1; WOW64) AppleWebKit/537.31 (KHTML, like Gecko) Chrome/26.0.1410.64 Safari/537.31"
108.185.103.13 - - [25/Apr/2013:17:53:09 -0700] "GET /favicon.ico HTTP/1.1" 404 501 "-" "Mozilla/5.0 (Windows NT 6.1; WOW64) AppleWebKit/537.31 (KHTML, like Gecko) Chrome/26.0.1410.64 Safari/537.31"
108.185.103.13 - - [25/Apr/2013:18:03:29 -0700] "GET /competition.php HTTP/1.1" 200 340 "http://uscauv.com/index.php" "Mozilla/5.0 (Windows NT 6.1; WOW64) AppleWebKit/537.31 (KHTML, like Gecko) Chrome/26.0.1410.64 Safari/537.31"
108.185.103.13 - - [25/Apr/2013:18:03:29 -0700] "GET /favicon.ico HTTP/1.1" 404 501 "-" "Mozilla/5.0 (Windows NT 6.1; WOW64) AppleWebKit/537.31 (KHTML, like Gecko) Chrome/26.0.1410.64 Safari/537.31"
66.249.73.234 - - [25/Apr/2013:18:41:26 -0700] "GET / HTTP/1.1" 200 570 "-" "Mozilla/5.0 (iPhone; U; CPU iPhone OS 4_1 like Mac OS X; en-us) AppleWebKit/532.9 (KHTML, like Gecko) Version/4.0.5 Mobile/8B117 Safari/6531.22.7 (compatible; Googlebot-Mobile/2.1; +http://www.google.com/bot.html)"
124.122.152.104 - - [25/Apr/2013:19:25:40 -0700] "GET /351813731.html HTTP/1.1" 404 491 "-" "Mozilla/4.0 (compatible; MSIE 6.0; Windows NT 5.1; SV1)"
81.89.48.239 - - [25/Apr/2013:20:13:24 -0700] "GET /webmail//README HTTP/1.1" 404 473 "-" "Mozilla/4.0 (compatible; MSIE 6.0; Windows 98)"
81.89.48.239 - - [25/Apr/2013:20:13:24 -0700] "GET /mail//README HTTP/1.1" 404 470 "-" "Mozilla/4.0 (compatible; MSIE 6.0; Windows 98)"
81.89.48.239 - - [25/Apr/2013:20:13:25 -0700] "GET /mailadmin//README HTTP/1.1" 404 474 "-" "Mozilla/4.0 (compatible; MSIE 6.0; Windows 98)"
66.249.73.149 - - [26/Apr/2013:00:16:29 -0700] "GET /robots.txt HTTP/1.1" 404 501 "-" "Mozilla/5.0 (compatible; Googlebot/2.1; +http://www.google.com/bot.html)"
66.249.73.149 - - [26/Apr/2013:00:16:29 -0700] "GET / HTTP/1.1" 200 569 "-" "Mozilla/5.0 (compatible; Googlebot/2.1; +http://www.google.com/bot.html)"
157.56.93.49 - - [26/Apr/2013:08:20:41 -0700] "GET /robots.txt HTTP/1.1" 404 525 "-" "Mozilla/5.0 (compatible; bingbot/2.0; +http://www.bing.com/bingbot.htm)"
157.56.93.49 - - [26/Apr/2013:08:22:40 -0700] "GET / HTTP/1.1" 200 570 "-" "Mozilla/5.0 (compatible; bingbot/2.0; +http://www.bing.com/bingbot.htm)"
54.224.101.83 - - [26/Apr/2013:17:46:10 -0700] "GET / HTTP/1.1" 200 825 "-" "Apache-HttpClient/4.2.3 (java 1.5)"
157.56.93.49 - - [26/Apr/2013:20:12:36 -0700] "GET /robots.txt HTTP/1.1" 404 525 "-" "Mozilla/5.0 (compatible; bingbot/2.0; +http://www.bing.com/bingbot.htm)"
157.56.93.49 - - [26/Apr/2013:20:14:03 -0700] "GET / HTTP/1.1" 200 570 "-" "Mozilla/5.0 (compatible; bingbot/2.0; +http://www.bing.com/bingbot.htm)"
157.56.93.49 - - [27/Apr/2013:07:54:45 -0700] "GET /robots.txt HTTP/1.1" 404 525 "-" "Mozilla/5.0 (compatible; bingbot/2.0; +http://www.bing.com/bingbot.htm)"
157.56.93.49 - - [27/Apr/2013:07:56:38 -0700] "GET / HTTP/1.1" 200 570 "-" "Mozilla/5.0 (compatible; bingbot/2.0; +http://www.bing.com/bingbot.htm)"
157.56.93.49 - - [27/Apr/2013:19:38:52 -0700] "GET /robots.txt HTTP/1.1" 404 525 "-" "Mozilla/5.0 (compatible; bingbot/2.0; +http://www.bing.com/bingbot.htm)"
157.56.93.49 - - [27/Apr/2013:19:42:58 -0700] "GET / HTTP/1.1" 200 570 "-" "Mozilla/5.0 (compatible; bingbot/2.0; +http://www.bing.com/bingbot.htm)"
::1 - - [28/Apr/2013:03:25:03 -0700] "OPTIONS * HTTP/1.0" 200 152 "-" "Apache/2.2.16 (Debian) (internal dummy connection)"
::1 - - [28/Apr/2013:03:25:03 -0700] "OPTIONS * HTTP/1.0" 200 152 "-" "Apache/2.2.16 (Debian) (internal dummy connection)"
::1 - - [28/Apr/2013:03:25:03 -0700] "OPTIONS * HTTP/1.0" 200 152 "-" "Apache/2.2.16 (Debian) (internal dummy connection)"
::1 - - [28/Apr/2013:03:25:03 -0700] "OPTIONS * HTTP/1.0" 200 152 "-" "Apache/2.2.16 (Debian) (internal dummy connection)"
::1 - - [28/Apr/2013:03:25:03 -0700] "OPTIONS * HTTP/1.0" 200 152 "-" "Apache/2.2.16 (Debian) (internal dummy connection)"
202.147.200.183 - - [28/Apr/2013:04:08:32 -0700] "GET HTTP/1.1 HTTP/1.1" 400 475 "-" "Mozilla/5.0 (Windows NT 6.1) AppleWebKit/535.1 (KHTML, like Gecko) Chrome/13.0.782.220 Safari/535.1"
202.147.200.183 - - [28/Apr/2013:04:08:32 -0700] "GET /index.php HTTP/1.1" 200 532 "-" "Mozilla/5.0 (Windows NT 6.1) AppleWebKit/535.1 (KHTML, like Gecko) Chrome/13.0.782.220 Safari/535.1"
202.147.200.183 - - [28/Apr/2013:04:08:33 -0700] "GET /admin/index.php HTTP/1.1" 404 472 "-" "Mozilla/5.0 (Windows NT 6.1) AppleWebKit/535.1 (KHTML, like Gecko) Chrome/13.0.782.220 Safari/535.1"
202.147.200.183 - - [28/Apr/2013:04:08:33 -0700] "GET /admin/pma/index.php HTTP/1.1" 404 474 "-" "Mozilla/5.0 (Windows NT 6.1) AppleWebKit/535.1 (KHTML, like Gecko) Chrome/13.0.782.220 Safari/535.1"
202.147.200.183 - - [28/Apr/2013:04:08:34 -0700] "GET /admin/phpmyadmin/index.php HTTP/1.1" 404 476 "-" "Mozilla/5.0 (Windows NT 6.1) AppleWebKit/535.1 (KHTML, like Gecko) Chrome/13.0.782.220 Safari/535.1"
202.147.200.183 - - [28/Apr/2013:04:08:34 -0700] "GET /db/index.php HTTP/1.1" 404 470 "-" "Mozilla/5.0 (Windows NT 6.1) AppleWebKit/535.1 (KHTML, like Gecko) Chrome/13.0.782.220 Safari/535.1"
202.147.200.183 - - [28/Apr/2013:04:08:34 -0700] "GET /dbadmin/index.php HTTP/1.1" 404 473 "-" "Mozilla/5.0 (Windows NT 6.1) AppleWebKit/535.1 (KHTML, like Gecko) Chrome/13.0.782.220 Safari/535.1"
202.147.200.183 - - [28/Apr/2013:04:08:35 -0700] "GET /myadmin/index.php HTTP/1.1" 404 474 "-" "Mozilla/5.0 (Windows NT 6.1) AppleWebKit/535.1 (KHTML, like Gecko) Chrome/13.0.782.220 Safari/535.1"
202.147.200.183 - - [28/Apr/2013:04:08:35 -0700] "GET /mysql/index.php HTTP/1.1" 404 473 "-" "Mozilla/5.0 (Windows NT 6.1) AppleWebKit/535.1 (KHTML, like Gecko) Chrome/13.0.782.220 Safari/535.1"
202.147.200.183 - - [28/Apr/2013:04:08:36 -0700] "GET /mysqladmin/index.php HTTP/1.1" 404 476 "-" "Mozilla/5.0 (Windows NT 6.1) AppleWebKit/535.1 (KHTML, like Gecko) Chrome/13.0.782.220 Safari/535.1"
202.147.200.183 - - [28/Apr/2013:04:08:36 -0700] "GET /typo3/phpmyadmin/index.php HTTP/1.1" 404 479 "-" "Mozilla/5.0 (Windows NT 6.1) AppleWebKit/535.1 (KHTML, like Gecko) Chrome/13.0.782.220 Safari/535.1"
202.147.200.183 - - [28/Apr/2013:04:08:37 -0700] "GET /phpadmin/index.php HTTP/1.1" 404 473 "-" "Mozilla/5.0 (Windows NT 6.1) AppleWebKit/535.1 (KHTML, like Gecko) Chrome/13.0.782.220 Safari/535.1"
202.147.200.183 - - [28/Apr/2013:04:08:37 -0700] "GET /phpMyAdmin/index.php HTTP/1.1" 404 476 "-" "Mozilla/5.0 (Windows NT 6.1) AppleWebKit/535.1 (KHTML, like Gecko) Chrome/13.0.782.220 Safari/535.1"
202.147.200.183 - - [28/Apr/2013:04:08:37 -0700] "GET /phpmyadmin/index.php HTTP/1.1" 404 475 "-" "Mozilla/5.0 (Windows NT 6.1) AppleWebKit/535.1 (KHTML, like Gecko) Chrome/13.0.782.220 Safari/535.1"
202.147.200.183 - - [28/Apr/2013:04:08:38 -0700] "GET /phpmyadmin1/index.php HTTP/1.1" 404 476 "-" "Mozilla/5.0 (Windows NT 6.1) AppleWebKit/535.1 (KHTML, like Gecko) Chrome/13.0.782.220 Safari/535.1"
202.147.200.183 - - [28/Apr/2013:04:08:38 -0700] "GET /phpmyadmin2/index.php HTTP/1.1" 404 476 "-" "Mozilla/5.0 (Windows NT 6.1) AppleWebKit/535.1 (KHTML, like Gecko) Chrome/13.0.782.220 Safari/535.1"
202.147.200.183 - - [28/Apr/2013:04:08:39 -0700] "GET /pma/index.php HTTP/1.1" 404 471 "-" "Mozilla/5.0 (Windows NT 6.1) AppleWebKit/535.1 (KHTML, like Gecko) Chrome/13.0.782.220 Safari/535.1"
202.147.200.183 - - [28/Apr/2013:04:08:39 -0700] "GET /web/phpMyAdmin/index.php HTTP/1.1" 404 478 "-" "Mozilla/5.0 (Windows NT 6.1) AppleWebKit/535.1 (KHTML, like Gecko) Chrome/13.0.782.220 Safari/535.1"
202.147.200.183 - - [28/Apr/2013:04:08:40 -0700] "GET /xampp/phpmyadmin/index.php HTTP/1.1" 404 479 "-" "Mozilla/5.0 (Windows NT 6.1) AppleWebKit/535.1 (KHTML, like Gecko) Chrome/13.0.782.220 Safari/535.1"
202.147.200.183 - - [28/Apr/2013:04:08:40 -0700] "GET /web/index.php HTTP/1.1" 404 470 "-" "Mozilla/5.0 (Windows NT 6.1) AppleWebKit/535.1 (KHTML, like Gecko) Chrome/13.0.782.220 Safari/535.1"
202.147.200.183 - - [28/Apr/2013:04:08:40 -0700] "GET /php-my-admin/index.php HTTP/1.1" 404 477 "-" "Mozilla/5.0 (Windows NT 6.1) AppleWebKit/535.1 (KHTML, like Gecko) Chrome/13.0.782.220 Safari/535.1"
202.147.200.183 - - [28/Apr/2013:04:08:41 -0700] "GET /websql/index.php HTTP/1.1" 404 473 "-" "Mozilla/5.0 (Windows NT 6.1) AppleWebKit/535.1 (KHTML, like Gecko) Chrome/13.0.782.220 Safari/535.1"
202.147.200.183 - - [28/Apr/2013:04:08:41 -0700] "GET /phpmyadmin/index.php HTTP/1.1" 404 475 "-" "Mozilla/5.0 (Windows NT 6.1) AppleWebKit/535.1 (KHTML, like Gecko) Chrome/13.0.782.220 Safari/535.1"
202.147.200.183 - - [28/Apr/2013:04:08:42 -0700] "GET /phpMyAdmin/index.php HTTP/1.1" 404 476 "-" "Mozilla/5.0 (Windows NT 6.1) AppleWebKit/535.1 (KHTML, like Gecko) Chrome/13.0.782.220 Safari/535.1"
202.147.200.183 - - [28/Apr/2013:04:08:42 -0700] "GET /phpMyAdmin-2/index.php HTTP/1.1" 404 477 "-" "Mozilla/5.0 (Windows NT 6.1) AppleWebKit/535.1 (KHTML, like Gecko) Chrome/13.0.782.220 Safari/535.1"
202.147.200.183 - - [28/Apr/2013:04:08:42 -0700] "GET /php-my-admin/index.php HTTP/1.1" 404 477 "-" "Mozilla/5.0 (Windows NT 6.1) AppleWebKit/535.1 (KHTML, like Gecko) Chrome/13.0.782.220 Safari/535.1"
202.147.200.183 - - [28/Apr/2013:04:08:43 -0700] "GET /phpMyAdmin-2.2.3/index.php HTTP/1.1" 404 479 "-" "Mozilla/5.0 (Windows NT 6.1) AppleWebKit/535.1 (KHTML, like Gecko) Chrome/13.0.782.220 Safari/535.1"
202.147.200.183 - - [28/Apr/2013:04:08:43 -0700] "GET /phpMyAdmin-2.2.6/index.php HTTP/1.1" 404 479 "-" "Mozilla/5.0 (Windows NT 6.1) AppleWebKit/535.1 (KHTML, like Gecko) Chrome/13.0.782.220 Safari/535.1"
202.147.200.183 - - [28/Apr/2013:04:08:44 -0700] "GET /phpMyAdmin-2.5.1/index.php HTTP/1.1" 404 480 "-" "Mozilla/5.0 (Windows NT 6.1) AppleWebKit/535.1 (KHTML, like Gecko) Chrome/13.0.782.220 Safari/535.1"
202.147.200.183 - - [28/Apr/2013:04:08:44 -0700] "GET /phpMyAdmin-2.5.4/index.php HTTP/1.1" 404 480 "-" "Mozilla/5.0 (Windows NT 6.1) AppleWebKit/535.1 (KHTML, like Gecko) Chrome/13.0.782.220 Safari/535.1"
202.147.200.183 - - [28/Apr/2013:04:08:45 -0700] "GET /phpMyAdmin-2.5.5-rc1/index.php HTTP/1.1" 404 483 "-" "Mozilla/5.0 (Windows NT 6.1) AppleWebKit/535.1 (KHTML, like Gecko) Chrome/13.0.782.220 Safari/535.1"
202.147.200.183 - - [28/Apr/2013:04:08:45 -0700] "GET /phpMyAdmin-2.5.5-rc2/index.php HTTP/1.1" 404 483 "-" "Mozilla/5.0 (Windows NT 6.1) AppleWebKit/535.1 (KHTML, like Gecko) Chrome/13.0.782.220 Safari/535.1"
202.147.200.183 - - [28/Apr/2013:04:08:45 -0700] "GET /phpMyAdmin-2.5.5/index.php HTTP/1.1" 404 480 "-" "Mozilla/5.0 (Windows NT 6.1) AppleWebKit/535.1 (KHTML, like Gecko) Chrome/13.0.782.220 Safari/535.1"
202.147.200.183 - - [28/Apr/2013:04:08:46 -0700] "GET /phpMyAdmin-2.5.5-pl1/index.php HTTP/1.1" 404 483 "-" "Mozilla/5.0 (Windows NT 6.1) AppleWebKit/535.1 (KHTML, like Gecko) Chrome/13.0.782.220 Safari/535.1"
202.147.200.183 - - [28/Apr/2013:04:08:46 -0700] "GET /phpMyAdmin-2.5.6-rc1/index.php HTTP/1.1" 404 483 "-" "Mozilla/5.0 (Windows NT 6.1) AppleWebKit/535.1 (KHTML, like Gecko) Chrome/13.0.782.220 Safari/535.1"
202.147.200.183 - - [28/Apr/2013:04:08:47 -0700] "GET /phpMyAdmin-2.5.6-rc2/index.php HTTP/1.1" 404 483 "-" "Mozilla/5.0 (Windows NT 6.1) AppleWebKit/535.1 (KHTML, like Gecko) Chrome/13.0.782.220 Safari/535.1"
202.147.200.183 - - [28/Apr/2013:04:08:47 -0700] "GET /phpMyAdmin-2.5.6/index.php HTTP/1.1" 404 480 "-" "Mozilla/5.0 (Windows NT 6.1) AppleWebKit/535.1 (KHTML, like Gecko) Chrome/13.0.782.220 Safari/535.1"
202.147.200.183 - - [28/Apr/2013:04:08:48 -0700] "GET /phpMyAdmin-2.5.7/index.php HTTP/1.1" 404 480 "-" "Mozilla/5.0 (Windows NT 6.1) AppleWebKit/535.1 (KHTML, like Gecko) Chrome/13.0.782.220 Safari/535.1"
202.147.200.183 - - [28/Apr/2013:04:08:48 -0700] "GET /phpMyAdmin-2.5.7-pl1/index.php HTTP/1.1" 404 483 "-" "Mozilla/5.0 (Windows NT 6.1) AppleWebKit/535.1 (KHTML, like Gecko) Chrome/13.0.782.220 Safari/535.1"
202.147.200.183 - - [28/Apr/2013:04:08:48 -0700] "GET  HTTP/1.1" 400 306 "-" "-"
::1 - - [28/Apr/2013:04:08:49 -0700] "OPTIONS * HTTP/1.0" 200 152 "-" "Apache/2.2.16 (Debian) (internal dummy connection)"
::1 - - [28/Apr/2013:04:08:50 -0700] "OPTIONS * HTTP/1.0" 200 152 "-" "Apache/2.2.16 (Debian) (internal dummy connection)"
217.69.133.70 - - [28/Apr/2013:05:10:49 -0700] "GET /robots.txt HTTP/1.0" 404 487 "-" "Mozilla/5.0 (compatible; Mail.RU_Bot/2.0; +http://go.mail.ru/help/robots)"
157.56.93.49 - - [28/Apr/2013:08:19:58 -0700] "GET /robots.txt HTTP/1.1" 404 525 "-" "Mozilla/5.0 (compatible; bingbot/2.0; +http://www.bing.com/bingbot.htm)"
157.56.93.49 - - [28/Apr/2013:08:21:36 -0700] "GET / HTTP/1.1" 200 570 "-" "Mozilla/5.0 (compatible; bingbot/2.0; +http://www.bing.com/bingbot.htm)"
95.211.99.69 - - [28/Apr/2013:13:42:10 -0700] "HEAD /?author=1 HTTP/1.1" 200 173 "-" "Mozilla/3.0 (compatible; Indy Library)"
65.49.23.115 - - [28/Apr/2013:14:18:16 -0700] "GET /robots.txt HTTP/1.1" 404 445 "-" "-"
204.140.156.119 - - [28/Apr/2013:17:18:39 -0700] "GET / HTTP/1.1" 200 570 "-" "Mozilla/5.0 (Windows NT 6.1; WOW64) AppleWebKit/537.31 (KHTML, like Gecko) Chrome/26.0.1410.64 Safari/537.31"
204.140.156.119 - - [28/Apr/2013:17:18:39 -0700] "GET /style.css HTTP/1.1" 404 500 "http://uscauv.com/" "Mozilla/5.0 (Windows NT 6.1; WOW64) AppleWebKit/537.31 (KHTML, like Gecko) Chrome/26.0.1410.64 Safari/537.31"
204.140.156.119 - - [28/Apr/2013:17:19:38 -0700] "GET /favicon.ico HTTP/1.1" 404 502 "-" "Mozilla/5.0 (Windows NT 6.1; WOW64) AppleWebKit/537.31 (KHTML, like Gecko) Chrome/26.0.1410.64 Safari/537.31"
66.249.73.238 - - [28/Apr/2013:18:14:32 -0700] "GET /robots.txt HTTP/1.1" 404 502 "-" "Mozilla/5.0 (compatible; Googlebot/2.1; +http://www.google.com/bot.html)"
66.249.73.238 - - [28/Apr/2013:18:14:32 -0700] "GET / HTTP/1.1" 200 569 "-" "Mozilla/5.0 (iPhone; U; CPU iPhone OS 4_1 like Mac OS X; en-us) AppleWebKit/532.9 (KHTML, like Gecko) Version/4.0.5 Mobile/8B117 Safari/6531.22.7 (compatible; Googlebot-Mobile/2.1; +http://www.google.com/bot.html)"
157.56.93.49 - - [28/Apr/2013:20:28:08 -0700] "GET /robots.txt HTTP/1.1" 404 525 "-" "Mozilla/5.0 (compatible; bingbot/2.0; +http://www.bing.com/bingbot.htm)"
157.56.93.49 - - [28/Apr/2013:20:30:44 -0700] "GET / HTTP/1.1" 200 570 "-" "Mozilla/5.0 (compatible; bingbot/2.0; +http://www.bing.com/bingbot.htm)"
95.211.99.69 - - [28/Apr/2013:21:24:50 -0700] "HEAD /?author=1 HTTP/1.1" 200 173 "-" "Mozilla/3.0 (compatible; Indy Library)"
221.181.232.145 - - [28/Apr/2013:22:07:41 -0700] "GET /6312960.html HTTP/1.1" 404 470 "-" "Mozilla/4.0 (compatible; MSIE 6.0; Windows NT 5.1; SV1)"
110.88.252.189 - - [28/Apr/2013:23:42:17 -0700] "HEAD / HTTP/1.1" 200 230 "-" "-"
157.56.93.49 - - [29/Apr/2013:08:09:25 -0700] "GET /robots.txt HTTP/1.1" 404 525 "-" "Mozilla/5.0 (compatible; bingbot/2.0; +http://www.bing.com/bingbot.htm)"
157.56.93.49 - - [29/Apr/2013:08:11:19 -0700] "GET / HTTP/1.1" 200 570 "-" "Mozilla/5.0 (compatible; bingbot/2.0; +http://www.bing.com/bingbot.htm)"
202.216.229.231 - - [29/Apr/2013:13:30:33 -0700] "GET //mt//mt-upgrade.cgi HTTP/1.1" 404 474 "-" "Mozilla/4.0 (compatible; MSIE 6.0; Windows 98)"
202.216.229.231 - - [29/Apr/2013:13:30:33 -0700] "GET //cgi/mt//mt-upgrade.cgi HTTP/1.1" 404 476 "-" "Mozilla/4.0 (compatible; MSIE 6.0; Windows 98)"
202.216.229.231 - - [29/Apr/2013:13:30:33 -0700] "GET //cgi-bin/mt//mt-upgrade.cgi HTTP/1.1" 404 479 "-" "Mozilla/4.0 (compatible; MSIE 6.0; Windows 98)"
202.216.229.231 - - [29/Apr/2013:13:30:33 -0700] "GET //MT//mt-upgrade.cgi HTTP/1.1" 404 475 "-" "Mozilla/4.0 (compatible; MSIE 6.0; Windows 98)"
202.216.229.231 - - [29/Apr/2013:13:30:34 -0700] "GET //cgi-bin//mt-upgrade.cgi HTTP/1.1" 404 478 "-" "Mozilla/4.0 (compatible; MSIE 6.0; Windows 98)"
95.108.240.252 - - [29/Apr/2013:16:31:27 -0700] "GET /robots.txt HTTP/1.1" 404 525 "-" "Mozilla/5.0 (compatible; YandexBot/3.0; +http://yandex.com/bots)"
195.56.240.1 - - [29/Apr/2013:17:09:36 -0700] "HEAD / HTTP/1.0" 200 192 "-" "-"
157.56.93.49 - - [29/Apr/2013:19:56:56 -0700] "GET /robots.txt HTTP/1.1" 404 525 "-" "Mozilla/5.0 (compatible; bingbot/2.0; +http://www.bing.com/bingbot.htm)"
157.56.93.49 - - [29/Apr/2013:19:59:11 -0700] "GET / HTTP/1.1" 200 570 "-" "Mozilla/5.0 (compatible; bingbot/2.0; +http://www.bing.com/bingbot.htm)"
217.69.133.70 - - [29/Apr/2013:20:38:34 -0700] "GET / HTTP/1.0" 200 787 "-" "Mozilla/5.0 (compatible; Mail.RU_Bot/2.0; +http://go.mail.ru/help/robots)"
95.108.240.252 - - [29/Apr/2013:22:22:47 -0700] "GET / HTTP/1.1" 200 570 "-" "Mozilla/5.0 (compatible; YandexBot/3.0; +http://yandex.com/bots)"
199.36.142.83 - - [30/Apr/2013:06:14:59 -0700] "HEAD / HTTP/1.0" 200 192 "-" "-"
140.206.69.245 - - [30/Apr/2013:06:32:08 -0700] "HEAD /manager/status HTTP/1.1" 404 220 "-" "Java/1.6.0"
157.56.93.49 - - [30/Apr/2013:07:38:08 -0700] "GET /robots.txt HTTP/1.1" 404 525 "-" "Mozilla/5.0 (compatible; bingbot/2.0; +http://www.bing.com/bingbot.htm)"
157.56.93.49 - - [30/Apr/2013:07:40:22 -0700] "GET / HTTP/1.1" 200 570 "-" "Mozilla/5.0 (compatible; bingbot/2.0; +http://www.bing.com/bingbot.htm)"
198.20.69.74 - - [30/Apr/2013:08:18:24 -0700] "GET / HTTP/1.1" 200 768 "-" "-"
198.20.69.74 - - [30/Apr/2013:08:18:24 -0700] "GET /robots.txt HTTP/1.1" 404 472 "-" "-"
217.69.133.70 - - [30/Apr/2013:09:52:21 -0700] "GET /sitemap.xml HTTP/1.0" 404 488 "-" "Mozilla/5.0 (compatible; Mail.RU_Bot/2.0; +http://go.mail.ru/help/robots)"
115.238.169.110 - - [30/Apr/2013:10:55:17 -0700] "HEAD / HTTP/1.0" 200 192 "-" "-"
157.56.93.49 - - [30/Apr/2013:16:44:34 -0700] "GET /robots.txt HTTP/1.1" 404 525 "-" "Mozilla/5.0 (compatible; bingbot/2.0; +http://www.bing.com/bingbot.htm)"
157.56.93.49 - - [30/Apr/2013:16:46:22 -0700] "GET / HTTP/1.1" 200 570 "-" "Mozilla/5.0 (compatible; bingbot/2.0; +http://www.bing.com/bingbot.htm)"
194.12.64.4 - - [30/Apr/2013:20:15:05 -0700] "HEAD /?author=1 HTTP/1.1" 200 173 "-" "Mozilla/3.0 (compatible; Indy Library)"
157.56.93.49 - - [30/Apr/2013:21:24:07 -0700] "GET /robots.txt HTTP/1.1" 404 525 "-" "Mozilla/5.0 (compatible; bingbot/2.0; +http://www.bing.com/bingbot.htm)"
157.56.93.49 - - [30/Apr/2013:21:26:11 -0700] "GET / HTTP/1.1" 200 570 "-" "Mozilla/5.0 (compatible; bingbot/2.0; +http://www.bing.com/bingbot.htm)"
157.56.93.49 - - [01/May/2013:03:45:13 -0700] "GET /robots.txt HTTP/1.1" 404 525 "-" "Mozilla/5.0 (compatible; bingbot/2.0; +http://www.bing.com/bingbot.htm)"
157.56.93.49 - - [01/May/2013:03:47:18 -0700] "GET / HTTP/1.1" 200 570 "-" "Mozilla/5.0 (compatible; bingbot/2.0; +http://www.bing.com/bingbot.htm)"
157.55.33.123 - - [01/May/2013:07:48:10 -0700] "GET /robots.txt HTTP/1.1" 404 525 "-" "Mozilla/5.0 (compatible; bingbot/2.0; +http://www.bing.com/bingbot.htm)"
157.55.33.123 - - [01/May/2013:07:50:44 -0700] "GET / HTTP/1.1" 200 570 "-" "Mozilla/5.0 (compatible; bingbot/2.0; +http://www.bing.com/bingbot.htm)"
112.160.66.146 - - [01/May/2013:10:42:08 -0700] "HEAD / HTTP/1.0" 200 192 "-" "-"
108.185.103.13 - - [01/May/2013:14:44:18 -0700] "GET / HTTP/1.1" 200 570 "-" "Mozilla/5.0 (Windows NT 6.1; WOW64) AppleWebKit/537.31 (KHTML, like Gecko) Chrome/26.0.1410.64 Safari/537.31"
108.185.103.13 - - [01/May/2013:14:44:19 -0700] "GET /style.css HTTP/1.1" 404 500 "http://uscauv.com/" "Mozilla/5.0 (Windows NT 6.1; WOW64) AppleWebKit/537.31 (KHTML, like Gecko) Chrome/26.0.1410.64 Safari/537.31"
108.185.103.13 - - [01/May/2013:14:44:19 -0700] "GET /favicon.ico HTTP/1.1" 404 501 "-" "Mozilla/5.0 (Windows NT 6.1; WOW64) AppleWebKit/537.31 (KHTML, like Gecko) Chrome/26.0.1410.64 Safari/537.31"
157.56.93.49 - - [01/May/2013:15:41:19 -0700] "GET /robots.txt HTTP/1.1" 404 525 "-" "Mozilla/5.0 (compatible; bingbot/2.0; +http://www.bing.com/bingbot.htm)"
157.56.93.49 - - [01/May/2013:15:43:43 -0700] "GET / HTTP/1.1" 200 570 "-" "Mozilla/5.0 (compatible; bingbot/2.0; +http://www.bing.com/bingbot.htm)"
66.249.73.238 - - [01/May/2013:17:47:52 -0700] "GET /robots.txt HTTP/1.1" 404 502 "-" "Mozilla/5.0 (compatible; Googlebot/2.1; +http://www.google.com/bot.html)"
66.249.73.238 - - [01/May/2013:17:47:52 -0700] "GET / HTTP/1.1" 200 569 "-" "Mozilla/5.0 (iPhone; U; CPU iPhone OS 4_1 like Mac OS X; en-us) AppleWebKit/532.9 (KHTML, like Gecko) Version/4.0.5 Mobile/8B117 Safari/6531.22.7 (compatible; Googlebot-Mobile/2.1; +http://www.google.com/bot.html)"
54.214.90.208 - - [01/May/2013:18:06:56 -0700] "GET /td?aid=e9xmkgg5h6&said=26427 HTTP/1.1" 404 464 "-" "tiny-dl/nix"
54.214.90.208 - - [01/May/2013:18:06:56 -0700] "GET /links.php?mode=1 HTTP/1.1" 404 471 "-" "tiny-dl/nix"
93.174.88.31 - - [01/May/2013:18:41:51 -0700] "GET http://gameframe.net/headers HTTP/1.1" 404 442 "-" "Mozilla/5.0 (Windows NT 6.1; WOW64; rv:17.0) Gecko/20100101 Firefox/17.0"
94.142.155.123 - - [01/May/2013:22:41:46 -0700] "GET / HTTP/1.1" 200 768 "-" "-"
94.142.155.123 - - [01/May/2013:22:41:46 -0700] "GET /robots.txt HTTP/1.1" 404 472 "-" "-"
157.56.93.49 - - [02/May/2013:04:58:32 -0700] "GET /robots.txt HTTP/1.1" 404 525 "-" "Mozilla/5.0 (compatible; bingbot/2.0; +http://www.bing.com/bingbot.htm)"
157.56.93.49 - - [02/May/2013:05:01:11 -0700] "GET / HTTP/1.1" 200 570 "-" "Mozilla/5.0 (compatible; bingbot/2.0; +http://www.bing.com/bingbot.htm)"
66.249.75.127 - - [02/May/2013:05:21:33 -0700] "GET /robots.txt HTTP/1.1" 404 501 "-" "Mozilla/5.0 (compatible; Googlebot/2.1; +http://www.google.com/bot.html)"
66.249.75.127 - - [02/May/2013:05:21:33 -0700] "GET /competition.php HTTP/1.1" 200 339 "-" "Mozilla/5.0 (compatible; Googlebot/2.1; +http://www.google.com/bot.html)"
218.205.181.80 - - [02/May/2013:05:33:57 -0700] "GET /4039336.html HTTP/1.1" 404 470 "-" "Mozilla/4.0 (compatible; MSIE 6.0; Windows NT 5.1; SV1)"
157.56.93.191 - - [02/May/2013:08:28:42 -0700] "GET /robots.txt HTTP/1.1" 404 525 "-" "Mozilla/5.0 (compatible; bingbot/2.0; +http://www.bing.com/bingbot.htm)"
157.56.93.191 - - [02/May/2013:08:31:10 -0700] "GET /about.php HTTP/1.1" 200 347 "-" "Mozilla/5.0 (compatible; bingbot/2.0; +http://www.bing.com/bingbot.htm)"
123.125.117.108 - - [02/May/2013:12:03:35 -0700] "HEAD /manager/status HTTP/1.1" 404 220 "-" "Java/1.6.0_43"
157.56.93.49 - - [02/May/2013:16:12:39 -0700] "GET /robots.txt HTTP/1.1" 404 525 "-" "Mozilla/5.0 (compatible; bingbot/2.0; +http://www.bing.com/bingbot.htm)"
157.56.93.49 - - [02/May/2013:16:14:33 -0700] "GET / HTTP/1.1" 200 570 "-" "Mozilla/5.0 (compatible; bingbot/2.0; +http://www.bing.com/bingbot.htm)"
94.143.240.107 - - [02/May/2013:20:16:06 -0700] "GET /admin.php HTTP/1.0" 404 524 "-" "Opera/9.80 (Windows NT 6.1; U; ru) Presto/2.8.131 Version/11.10"
94.143.240.107 - - [02/May/2013:20:16:07 -0700] "GET /administrator/index.php HTTP/1.0" 404 538 "-" "Opera/9.80 (Windows NT 6.1; U; ru) Presto/2.8.131 Version/11.10"
94.143.240.107 - - [02/May/2013:20:16:08 -0700] "GET /wp-login.php HTTP/1.0" 404 527 "-" "Opera/9.80 (Windows NT 6.1; U; ru) Presto/2.8.131 Version/11.10"
211.103.1.98 - - [02/May/2013:23:11:50 -0700] "GET /4908157.html HTTP/1.1" 404 470 "-" "Mozilla/4.0 (compatible; MSIE 6.0; Windows NT 5.1; SV1)"
157.55.32.149 - - [03/May/2013:05:32:24 -0700] "GET /robots.txt HTTP/1.1" 404 525 "-" "Mozilla/5.0 (compatible; bingbot/2.0; +http://www.bing.com/bingbot.htm)"
157.55.32.149 - - [03/May/2013:05:34:32 -0700] "GET / HTTP/1.1" 200 570 "-" "Mozilla/5.0 (compatible; bingbot/2.0; +http://www.bing.com/bingbot.htm)"
157.55.32.149 - - [03/May/2013:05:34:32 -0700] "GET / HTTP/1.1" 200 570 "-" "Mozilla/5.0 (compatible; bingbot/2.0; +http://www.bing.com/bingbot.htm)"
157.55.33.123 - - [03/May/2013:10:25:33 -0700] "GET /robots.txt HTTP/1.1" 404 525 "-" "Mozilla/5.0 (compatible; bingbot/2.0; +http://www.bing.com/bingbot.htm)"
157.55.33.123 - - [03/May/2013:10:26:54 -0700] "GET / HTTP/1.1" 200 570 "-" "Mozilla/5.0 (compatible; bingbot/2.0; +http://www.bing.com/bingbot.htm)"
58.210.163.22 - - [03/May/2013:12:30:09 -0700] "HEAD /manager/status HTTP/1.1" 404 220 "-" "Java/1.6.0_23"
54.214.111.239 - - [03/May/2013:12:37:43 -0700] "GET /td?aid=e9xmkgg5h6&said=26427 HTTP/1.1" 404 521 "-" "Mozilla/5.0 (compatible; MSIE 8.0; Windows NT 5.1; Trident/5.0);(b:2600;c:INT-3360;l:09)"
54.214.111.239 - - [03/May/2013:12:37:43 -0700] "GET /links.php?mode=1 HTTP/1.1" 404 528 "-" "Mozilla/5.0 (compatible; MSIE 8.0; Windows NT 5.1; Trident/5.0);(b:2600;c:INT-3360;l:09)"
76.164.194.114 - - [03/May/2013:15:07:04 -0700] "HEAD / HTTP/1.0" 200 192 "-" "-"
157.55.32.149 - - [03/May/2013:17:36:53 -0700] "GET /robots.txt HTTP/1.1" 404 525 "-" "Mozilla/5.0 (compatible; bingbot/2.0; +http://www.bing.com/bingbot.htm)"
157.55.32.149 - - [03/May/2013:17:38:14 -0700] "GET / HTTP/1.1" 200 570 "-" "Mozilla/5.0 (compatible; bingbot/2.0; +http://www.bing.com/bingbot.htm)"
119.146.198.18 - - [03/May/2013:20:34:18 -0700] "GET /6730934.html HTTP/1.1" 404 470 "-" "Mozilla/4.0 (compatible; MSIE 6.0; Windows NT 5.1; SV1)"
95.108.240.252 - - [03/May/2013:21:17:37 -0700] "GET /robots.txt HTTP/1.1" 404 525 "-" "Mozilla/5.0 (compatible; YandexBot/3.0; +http://yandex.com/bots)"
95.108.240.252 - - [03/May/2013:22:02:27 -0700] "GET /robots.txt HTTP/1.1" 404 525 "-" "Mozilla/5.0 (compatible; YandexBot/3.0; +http://yandex.com/bots)"
1.34.90.227 - - [03/May/2013:22:43:28 -0700] "OPTIONS * HTTP/1.1" 200 133 "-" "-"
95.108.240.252 - - [03/May/2013:22:47:17 -0700] "GET /robots.txt HTTP/1.1" 404 525 "-" "Mozilla/5.0 (compatible; YandexBot/3.0; +http://yandex.com/bots)"
157.55.33.123 - - [03/May/2013:22:52:27 -0700] "GET /robots.txt HTTP/1.1" 404 525 "-" "Mozilla/5.0 (compatible; bingbot/2.0; +http://www.bing.com/bingbot.htm)"
157.55.33.123 - - [03/May/2013:22:54:12 -0700] "GET / HTTP/1.1" 200 570 "-" "Mozilla/5.0 (compatible; bingbot/2.0; +http://www.bing.com/bingbot.htm)"
95.108.240.252 - - [03/May/2013:23:32:07 -0700] "GET /robot.php HTTP/1.1" 200 352 "-" "Mozilla/5.0 (compatible; YandexBot/3.0; +http://yandex.com/bots)"
95.108.240.252 - - [04/May/2013:00:16:57 -0700] "GET /about.php HTTP/1.1" 200 347 "-" "Mozilla/5.0 (compatible; YandexBot/3.0; +http://yandex.com/bots)"
95.108.240.252 - - [04/May/2013:01:01:46 -0700] "GET /sponsors.php HTTP/1.1" 200 332 "-" "Mozilla/5.0 (compatible; YandexBot/3.0; +http://yandex.com/bots)"
95.108.240.252 - - [04/May/2013:01:46:36 -0700] "GET /sponsors.php HTTP/1.1" 200 332 "-" "Mozilla/5.0 (compatible; YandexBot/3.0; +http://yandex.com/bots)"
95.108.240.252 - - [04/May/2013:02:31:26 -0700] "GET /index.php HTTP/1.1" 200 570 "-" "Mozilla/5.0 (compatible; YandexBot/3.0; +http://yandex.com/bots)"
95.108.240.252 - - [04/May/2013:03:33:09 -0700] "GET /robot.php HTTP/1.1" 200 352 "-" "Mozilla/5.0 (compatible; YandexBot/3.0; +http://yandex.com/bots)"
65.55.24.246 - - [04/May/2013:03:33:59 -0700] "GET /robots.txt HTTP/1.1" 404 525 "-" "Mozilla/5.0 (compatible; bingbot/2.0; +http://www.bing.com/bingbot.htm)"
65.55.24.246 - - [04/May/2013:03:35:50 -0700] "GET /index.php HTTP/1.1" 200 570 "-" "Mozilla/5.0 (compatible; bingbot/2.0; +http://www.bing.com/bingbot.htm)"
95.108.240.252 - - [04/May/2013:04:15:34 -0700] "GET /about.php HTTP/1.1" 200 347 "-" "Mozilla/5.0 (compatible; YandexBot/3.0; +http://yandex.com/bots)"
95.108.240.252 - - [04/May/2013:04:57:59 -0700] "GET /sponsors.php HTTP/1.1" 200 332 "-" "Mozilla/5.0 (compatible; YandexBot/3.0; +http://yandex.com/bots)"
95.108.240.252 - - [04/May/2013:05:40:24 -0700] "GET /about.php HTTP/1.1" 200 347 "-" "Mozilla/5.0 (compatible; YandexBot/3.0; +http://yandex.com/bots)"
23.21.165.26 - - [04/May/2013:05:52:00 -0700] "HEAD / HTTP/1.0" 200 192 "-" "-"
157.55.32.149 - - [04/May/2013:06:03:57 -0700] "GET /robots.txt HTTP/1.1" 404 525 "-" "Mozilla/5.0 (compatible; bingbot/2.0; +http://www.bing.com/bingbot.htm)"
157.55.32.149 - - [04/May/2013:06:06:20 -0700] "GET / HTTP/1.1" 200 570 "-" "Mozilla/5.0 (compatible; bingbot/2.0; +http://www.bing.com/bingbot.htm)"
157.55.32.149 - - [04/May/2013:06:06:20 -0700] "GET / HTTP/1.1" 200 570 "-" "Mozilla/5.0 (compatible; bingbot/2.0; +http://www.bing.com/bingbot.htm)"
80.79.119.210 - - [04/May/2013:06:15:58 -0700] "GET /robots.txt HTTP/1.1" 404 444 "-" "-"
95.108.240.252 - - [04/May/2013:06:22:48 -0700] "GET /robot.php HTTP/1.1" 200 352 "-" "Mozilla/5.0 (compatible; YandexBot/3.0; +http://yandex.com/bots)"
65.55.24.246 - - [04/May/2013:06:24:15 -0700] "GET /index.php HTTP/1.1" 200 570 "-" "Mozilla/5.0 (compatible; bingbot/2.0; +http://www.bing.com/bingbot.htm)"
95.108.240.252 - - [04/May/2013:07:05:12 -0700] "GET /index.php HTTP/1.1" 200 570 "-" "Mozilla/5.0 (compatible; YandexBot/3.0; +http://yandex.com/bots)"
95.108.240.252 - - [04/May/2013:07:11:25 -0700] "GET /index.php HTTP/1.1" 200 570 "-" "Mozilla/5.0 (compatible; YandexBot/3.0; +http://yandex.com/bots)"
95.108.240.252 - - [04/May/2013:09:48:04 -0700] "GET /robots.txt HTTP/1.1" 404 525 "-" "Mozilla/5.0 (compatible; YandexBot/3.0; +http://yandex.com/bots)"
157.55.33.123 - - [04/May/2013:10:04:55 -0700] "GET /robots.txt HTTP/1.1" 404 525 "-" "Mozilla/5.0 (compatible; bingbot/2.0; +http://www.bing.com/bingbot.htm)"
157.55.33.123 - - [04/May/2013:10:06:46 -0700] "GET / HTTP/1.1" 200 570 "-" "Mozilla/5.0 (compatible; bingbot/2.0; +http://www.bing.com/bingbot.htm)"
95.108.240.252 - - [04/May/2013:10:35:04 -0700] "GET /robots.txt HTTP/1.1" 404 525 "-" "Mozilla/5.0 (compatible; YandexBot/3.0; +http://yandex.com/bots)"
95.108.240.252 - - [04/May/2013:11:22:04 -0700] "GET /robots.txt HTTP/1.1" 404 525 "-" "Mozilla/5.0 (compatible; YandexBot/3.0; +http://yandex.com/bots)"
95.108.240.252 - - [04/May/2013:12:09:03 -0700] "GET /competition.php HTTP/1.1" 200 340 "-" "Mozilla/5.0 (compatible; YandexBot/3.0; +http://yandex.com/bots)"
95.108.240.252 - - [04/May/2013:12:56:02 -0700] "GET /competition.php HTTP/1.1" 200 340 "-" "Mozilla/5.0 (compatible; YandexBot/3.0; +http://yandex.com/bots)"
95.108.240.252 - - [04/May/2013:13:52:15 -0700] "GET /competition.php HTTP/1.1" 200 340 "-" "Mozilla/5.0 (compatible; YandexBot/3.0; +http://yandex.com/bots)"
157.55.32.149 - - [04/May/2013:16:54:41 -0700] "GET /robots.txt HTTP/1.1" 404 525 "-" "Mozilla/5.0 (compatible; bingbot/2.0; +http://www.bing.com/bingbot.htm)"
157.55.32.149 - - [04/May/2013:16:57:15 -0700] "GET / HTTP/1.1" 200 570 "-" "Mozilla/5.0 (compatible; bingbot/2.0; +http://www.bing.com/bingbot.htm)"
66.249.76.232 - - [04/May/2013:17:23:37 -0700] "GET /robots.txt HTTP/1.1" 404 502 "-" "Mozilla/5.0 (compatible; Googlebot/2.1; +http://www.google.com/bot.html)"
66.249.76.232 - - [04/May/2013:17:23:37 -0700] "GET / HTTP/1.1" 200 569 "-" "Mozilla/5.0 (iPhone; U; CPU iPhone OS 4_1 like Mac OS X; en-us) AppleWebKit/532.9 (KHTML, like Gecko) Version/4.0.5 Mobile/8B117 Safari/6531.22.7 (compatible; Googlebot-Mobile/2.1; +http://www.google.com/bot.html)"
95.108.240.252 - - [04/May/2013:20:38:05 -0700] "GET / HTTP/1.1" 200 570 "-" "Mozilla/5.0 (compatible; YandexBot/3.0; +http://yandex.com/bots)"
157.55.33.123 - - [04/May/2013:22:40:19 -0700] "GET /robots.txt HTTP/1.1" 404 525 "-" "Mozilla/5.0 (compatible; bingbot/2.0; +http://www.bing.com/bingbot.htm)"
157.55.33.123 - - [04/May/2013:22:42:12 -0700] "GET / HTTP/1.1" 200 570 "-" "Mozilla/5.0 (compatible; bingbot/2.0; +http://www.bing.com/bingbot.htm)"
46.22.211.124 - - [04/May/2013:23:43:08 -0700] "GET / HTTP/1.0" 200 787 "http://www.scripts.so" "Mozilla/5.0 (Windows NT 6.1) AppleWebKit/537.11 (KHTML, like Gecko) Chrome/23.0.1271.95 Safari/537.11"
122.221.185.186 - - [05/May/2013:00:45:16 -0700] "HEAD /manager/status HTTP/1.1" 404 220 "-" "Java/1.6.0_23"
124.160.147.164 - - [05/May/2013:02:38:51 -0700] "GET /190854612.html HTTP/1.0" 404 491 "-" "Mozilla/4.0 (compatible; MSIE 6.0; Windows NT 5.1; SV1)"
95.108.240.252 - - [05/May/2013:02:39:43 -0700] "GET /robots.txt HTTP/1.1" 404 525 "-" "Mozilla/5.0 (compatible; YandexBot/3.0; +http://yandex.com/bots)"
95.108.240.252 - - [05/May/2013:03:02:11 -0700] "GET / HTTP/1.1" 200 570 "-" "Mozilla/5.0 (compatible; YandexBot/3.0; +http://yandex.com/bots)"
::1 - - [05/May/2013:03:25:02 -0700] "OPTIONS * HTTP/1.0" 200 152 "-" "Apache/2.2.16 (Debian) (internal dummy connection)"
::1 - - [05/May/2013:03:25:02 -0700] "OPTIONS * HTTP/1.0" 200 152 "-" "Apache/2.2.16 (Debian) (internal dummy connection)"
::1 - - [05/May/2013:03:25:02 -0700] "OPTIONS * HTTP/1.0" 200 152 "-" "Apache/2.2.16 (Debian) (internal dummy connection)"
::1 - - [05/May/2013:03:25:02 -0700] "OPTIONS * HTTP/1.0" 200 152 "-" "Apache/2.2.16 (Debian) (internal dummy connection)"
::1 - - [05/May/2013:03:25:02 -0700] "OPTIONS * HTTP/1.0" 200 152 "-" "Apache/2.2.16 (Debian) (internal dummy connection)"
::1 - - [05/May/2013:03:25:02 -0700] "OPTIONS * HTTP/1.0" 200 152 "-" "Apache/2.2.16 (Debian) (internal dummy connection)"
::1 - - [05/May/2013:03:25:02 -0700] "OPTIONS * HTTP/1.0" 200 152 "-" "Apache/2.2.16 (Debian) (internal dummy connection)"
::1 - - [05/May/2013:03:25:02 -0700] "OPTIONS * HTTP/1.0" 200 152 "-" "Apache/2.2.16 (Debian) (internal dummy connection)"
54.224.54.185 - - [05/May/2013:04:50:45 -0700] "GET /robots.txt HTTP/1.1" 404 487 "-" "EventMachine HttpClient"
54.224.54.185 - - [05/May/2013:04:50:46 -0700] "GET / HTTP/1.1" 200 787 "-" "EventMachine HttpClient"
94.23.45.14 - - [05/May/2013:05:48:55 -0700] "HEAD / HTTP/1.0" 200 192 "-" "-"
198.100.149.221 - - [05/May/2013:06:12:21 -0700] "GET / HTTP/1.1" 200 768 "-" "curl/7.19.7 (x86_64-redhat-linux-gnu) libcurl/7.19.7 NSS/3.13.6.0 zlib/1.2.3 libidn/1.18 libssh2/1.4.2"
157.55.32.149 - - [05/May/2013:06:36:40 -0700] "GET /robots.txt HTTP/1.1" 404 525 "-" "Mozilla/5.0 (compatible; bingbot/2.0; +http://www.bing.com/bingbot.htm)"
157.55.32.149 - - [05/May/2013:06:38:26 -0700] "GET / HTTP/1.1" 200 570 "-" "Mozilla/5.0 (compatible; bingbot/2.0; +http://www.bing.com/bingbot.htm)"
157.55.33.123 - - [05/May/2013:10:17:28 -0700] "GET /robots.txt HTTP/1.1" 404 525 "-" "Mozilla/5.0 (compatible; bingbot/2.0; +http://www.bing.com/bingbot.htm)"
157.55.33.123 - - [05/May/2013:10:19:13 -0700] "GET / HTTP/1.1" 200 570 "-" "Mozilla/5.0 (compatible; bingbot/2.0; +http://www.bing.com/bingbot.htm)"
157.56.93.191 - - [05/May/2013:16:01:45 -0700] "GET /robots.txt HTTP/1.1" 404 525 "-" "Mozilla/5.0 (compatible; bingbot/2.0; +http://www.bing.com/bingbot.htm)"
157.56.93.191 - - [05/May/2013:16:03:14 -0700] "GET /sponsors.php HTTP/1.1" 200 332 "-" "Mozilla/5.0 (compatible; bingbot/2.0; +http://www.bing.com/bingbot.htm)"
157.55.32.149 - - [05/May/2013:17:38:20 -0700] "GET /robots.txt HTTP/1.1" 404 525 "-" "Mozilla/5.0 (compatible; bingbot/2.0; +http://www.bing.com/bingbot.htm)"
157.55.32.149 - - [05/May/2013:17:40:56 -0700] "GET / HTTP/1.1" 200 570 "-" "Mozilla/5.0 (compatible; bingbot/2.0; +http://www.bing.com/bingbot.htm)"
83.165.127.235 - - [05/May/2013:18:55:06 -0700] "HEAD /manager/status HTTP/1.1" 404 220 "-" "Java/1.6.0_27"
118.228.151.213 - - [05/May/2013:20:15:10 -0700] "GET /3315643.html HTTP/1.1" 404 470 "-" "Mozilla/4.0 (compatible; MSIE 6.0; Windows NT 5.1; SV1)"
157.55.33.123 - - [05/May/2013:22:53:27 -0700] "GET /robots.txt HTTP/1.1" 404 525 "-" "Mozilla/5.0 (compatible; bingbot/2.0; +http://www.bing.com/bingbot.htm)"
157.55.33.123 - - [05/May/2013:22:54:54 -0700] "GET / HTTP/1.1" 200 570 "-" "Mozilla/5.0 (compatible; bingbot/2.0; +http://www.bing.com/bingbot.htm)"
124.129.18.178 - - [06/May/2013:02:17:39 -0700] "HEAD /manager/status HTTP/1.1" 404 220 "-" "Java/1.6.0_37"
157.55.33.123 - - [06/May/2013:11:28:37 -0700] "GET /robots.txt HTTP/1.1" 404 525 "-" "Mozilla/5.0 (compatible; bingbot/2.0; +http://www.bing.com/bingbot.htm)"
157.55.33.123 - - [06/May/2013:11:30:54 -0700] "GET / HTTP/1.1" 200 570 "-" "Mozilla/5.0 (compatible; bingbot/2.0; +http://www.bing.com/bingbot.htm)"
128.125.124.86 - - [06/May/2013:12:47:47 -0700] "GET / HTTP/1.1" 200 570 "-" "Mozilla/5.0 (X11; Linux x86_64) AppleWebKit/537.31 (KHTML, like Gecko) Chrome/26.0.1410.63 Safari/537.31"
128.125.124.86 - - [06/May/2013:12:47:47 -0700] "GET /style.css HTTP/1.1" 404 500 "http://uscauv.com/" "Mozilla/5.0 (X11; Linux x86_64) AppleWebKit/537.31 (KHTML, like Gecko) Chrome/26.0.1410.63 Safari/537.31"
128.125.124.86 - - [06/May/2013:12:47:48 -0700] "GET /favicon.ico HTTP/1.1" 404 501 "-" "Mozilla/5.0 (X11; Linux x86_64) AppleWebKit/537.31 (KHTML, like Gecko) Chrome/26.0.1410.63 Safari/537.31"
128.125.124.86 - - [06/May/2013:12:47:51 -0700] "GET /index.php HTTP/1.1" 200 569 "http://uscauv.com/" "Mozilla/5.0 (X11; Linux x86_64) AppleWebKit/537.31 (KHTML, like Gecko) Chrome/26.0.1410.63 Safari/537.31"
128.125.124.86 - - [06/May/2013:12:47:51 -0700] "GET /style.css HTTP/1.1" 404 500 "http://uscauv.com/index.php" "Mozilla/5.0 (X11; Linux x86_64) AppleWebKit/537.31 (KHTML, like Gecko) Chrome/26.0.1410.63 Safari/537.31"
128.125.124.86 - - [06/May/2013:12:47:51 -0700] "GET /favicon.ico HTTP/1.1" 404 501 "-" "Mozilla/5.0 (X11; Linux x86_64) AppleWebKit/537.31 (KHTML, like Gecko) Chrome/26.0.1410.63 Safari/537.31"
128.125.124.86 - - [06/May/2013:12:48:43 -0700] "GET / HTTP/1.1" 200 570 "-" "Mozilla/5.0 (X11; Linux x86_64) AppleWebKit/537.31 (KHTML, like Gecko) Chrome/26.0.1410.63 Safari/537.31"
128.125.124.86 - - [06/May/2013:12:48:43 -0700] "GET /style.css HTTP/1.1" 404 500 "http://uscauv.com/" "Mozilla/5.0 (X11; Linux x86_64) AppleWebKit/537.31 (KHTML, like Gecko) Chrome/26.0.1410.63 Safari/537.31"
128.125.124.86 - - [06/May/2013:12:48:43 -0700] "GET /favicon.ico HTTP/1.1" 404 501 "-" "Mozilla/5.0 (X11; Linux x86_64) AppleWebKit/537.31 (KHTML, like Gecko) Chrome/26.0.1410.63 Safari/537.31"
128.125.124.86 - - [06/May/2013:12:48:46 -0700] "GET /about.php HTTP/1.1" 200 346 "http://uscauv.com/" "Mozilla/5.0 (X11; Linux x86_64) AppleWebKit/537.31 (KHTML, like Gecko) Chrome/26.0.1410.63 Safari/537.31"
128.125.124.86 - - [06/May/2013:12:48:46 -0700] "GET /favicon.ico HTTP/1.1" 404 501 "-" "Mozilla/5.0 (X11; Linux x86_64) AppleWebKit/537.31 (KHTML, like Gecko) Chrome/26.0.1410.63 Safari/537.31"
128.125.124.86 - - [06/May/2013:12:48:48 -0700] "GET /favicon.ico HTTP/1.1" 404 501 "-" "Mozilla/5.0 (X11; Linux x86_64) AppleWebKit/537.31 (KHTML, like Gecko) Chrome/26.0.1410.63 Safari/537.31"
128.125.124.86 - - [06/May/2013:12:48:49 -0700] "GET /competition.php HTTP/1.1" 200 339 "http://uscauv.com/" "Mozilla/5.0 (X11; Linux x86_64) AppleWebKit/537.31 (KHTML, like Gecko) Chrome/26.0.1410.63 Safari/537.31"
128.125.124.86 - - [06/May/2013:12:48:49 -0700] "GET /favicon.ico HTTP/1.1" 404 501 "-" "Mozilla/5.0 (X11; Linux x86_64) AppleWebKit/537.31 (KHTML, like Gecko) Chrome/26.0.1410.63 Safari/537.31"
128.125.124.86 - - [06/May/2013:12:48:50 -0700] "GET /favicon.ico HTTP/1.1" 404 501 "-" "Mozilla/5.0 (X11; Linux x86_64) AppleWebKit/537.31 (KHTML, like Gecko) Chrome/26.0.1410.63 Safari/537.31"
128.125.124.86 - - [06/May/2013:12:48:51 -0700] "GET /robot.php HTTP/1.1" 200 351 "http://uscauv.com/" "Mozilla/5.0 (X11; Linux x86_64) AppleWebKit/537.31 (KHTML, like Gecko) Chrome/26.0.1410.63 Safari/537.31"
128.125.124.86 - - [06/May/2013:12:48:51 -0700] "GET /favicon.ico HTTP/1.1" 404 501 "-" "Mozilla/5.0 (X11; Linux x86_64) AppleWebKit/537.31 (KHTML, like Gecko) Chrome/26.0.1410.63 Safari/537.31"
128.125.124.86 - - [06/May/2013:12:48:54 -0700] "GET /favicon.ico HTTP/1.1" 404 501 "-" "Mozilla/5.0 (X11; Linux x86_64) AppleWebKit/537.31 (KHTML, like Gecko) Chrome/26.0.1410.63 Safari/537.31"
128.125.124.86 - - [06/May/2013:12:48:54 -0700] "GET /sponsors.php HTTP/1.1" 200 331 "http://uscauv.com/" "Mozilla/5.0 (X11; Linux x86_64) AppleWebKit/537.31 (KHTML, like Gecko) Chrome/26.0.1410.63 Safari/537.31"
128.125.124.86 - - [06/May/2013:12:48:55 -0700] "GET /favicon.ico HTTP/1.1" 404 501 "-" "Mozilla/5.0 (X11; Linux x86_64) AppleWebKit/537.31 (KHTML, like Gecko) Chrome/26.0.1410.63 Safari/537.31"
128.125.124.86 - - [06/May/2013:12:48:56 -0700] "GET /favicon.ico HTTP/1.1" 404 501 "-" "Mozilla/5.0 (X11; Linux x86_64) AppleWebKit/537.31 (KHTML, like Gecko) Chrome/26.0.1410.63 Safari/537.31"
::1 - - [06/May/2013:12:49:12 -0700] "OPTIONS * HTTP/1.0" 200 152 "-" "Apache/2.2.16 (Debian) (internal dummy connection)"
157.55.33.123 - - [06/May/2013:17:03:09 -0700] "GET /robots.txt HTTP/1.1" 404 525 "-" "Mozilla/5.0 (compatible; bingbot/2.0; +http://www.bing.com/bingbot.htm)"
157.55.32.149 - - [06/May/2013:18:28:43 -0700] "GET /robots.txt HTTP/1.1" 404 525 "-" "Mozilla/5.0 (compatible; bingbot/2.0; +http://www.bing.com/bingbot.htm)"
157.55.32.149 - - [06/May/2013:18:30:23 -0700] "GET / HTTP/1.1" 200 570 "-" "Mozilla/5.0 (compatible; bingbot/2.0; +http://www.bing.com/bingbot.htm)"
112.160.66.146 - - [06/May/2013:19:30:44 -0700] "HEAD / HTTP/1.0" 200 192 "-" "-"
