70.197.75.77 - - [12/May/2013:17:29:01 -0700] "GET /images/home/3.jpg HTTP/1.1" 304 190 "http://uscauv.com/" "Mozilla/5.0 (Linux; Android 4.2.2; Galaxy Nexus Build/JDQ39) AppleWebKit/537.31 (KHTML, like Gecko) Chrome/26.0.1410.58 Mobile Safari/537.31"
70.197.75.77 - - [12/May/2013:17:29:06 -0700] "GET /images/home/1.jpg HTTP/1.1" 304 190 "http://uscauv.com/" "Mozilla/5.0 (Linux; Android 4.2.2; Galaxy Nexus Build/JDQ39) AppleWebKit/537.31 (KHTML, like Gecko) Chrome/26.0.1410.58 Mobile Safari/537.31"
70.197.75.77 - - [12/May/2013:17:29:04 -0700] "GET /images/home/3.jpg HTTP/1.1" 200 222797 "http://uscauv.com/" "Mozilla/5.0 (Linux; Android 4.2.2; Galaxy Nexus Build/JDQ39) AppleWebKit/537.31 (KHTML, like Gecko) Chrome/26.0.1410.58 Mobile Safari/537.31"
::1 - - [12/May/2013:17:29:29 -0700] "OPTIONS * HTTP/1.0" 200 152 "-" "Apache/2.2.16 (Debian) (internal dummy connection)"
157.55.32.149 - - [12/May/2013:20:20:06 -0700] "GET /robots.txt HTTP/1.1" 404 525 "-" "Mozilla/5.0 (compatible; bingbot/2.0; +http://www.bing.com/bingbot.htm)"
157.55.32.149 - - [12/May/2013:20:22:03 -0700] "GET / HTTP/1.1" 200 2652 "-" "Mozilla/5.0 (compatible; bingbot/2.0; +http://www.bing.com/bingbot.htm)"
66.249.74.88 - - [12/May/2013:21:06:30 -0700] "GET /robots.txt HTTP/1.1" 404 502 "-" "Mozilla/5.0 (compatible; Googlebot/2.1; +http://www.google.com/bot.html)"
66.249.74.88 - - [12/May/2013:21:06:30 -0700] "GET / HTTP/1.1" 200 2651 "-" "Mozilla/5.0 (compatible; Googlebot/2.1; +http://www.google.com/bot.html)"
66.249.74.88 - - [12/May/2013:21:19:08 -0700] "GET /about.html HTTP/1.1" 200 3008 "-" "Mozilla/5.0 (compatible; Googlebot/2.1; +http://www.google.com/bot.html)"
66.249.74.88 - - [12/May/2013:21:20:25 -0700] "GET /index.html HTTP/1.1" 200 2652 "-" "Mozilla/5.0 (compatible; Googlebot/2.1; +http://www.google.com/bot.html)"
66.249.74.88 - - [12/May/2013:21:21:46 -0700] "GET /contact.html HTTP/1.1" 200 2388 "-" "Mozilla/5.0 (compatible; Googlebot/2.1; +http://www.google.com/bot.html)"
66.249.74.88 - - [12/May/2013:21:23:19 -0700] "GET /gallery.html HTTP/1.1" 200 1824 "-" "Mozilla/5.0 (compatible; Googlebot/2.1; +http://www.google.com/bot.html)"
66.249.74.88 - - [12/May/2013:21:35:05 -0700] "GET /images/gallery/6.jpg HTTP/1.1" 200 364319 "-" "Googlebot-Image/1.0"
66.249.74.88 - - [12/May/2013:21:35:29 -0700] "GET /images/gallery/1.jpg HTTP/1.1" 200 521597 "-" "Googlebot-Image/1.0"
66.249.74.88 - - [12/May/2013:21:35:59 -0700] "GET /images/gallery/3.jpg HTTP/1.1" 200 338300 "-" "Googlebot-Image/1.0"
66.249.74.88 - - [12/May/2013:21:36:28 -0700] "GET /images/gallery/7.jpg HTTP/1.1" 404 510 "-" "Googlebot-Image/1.0"
66.249.74.88 - - [12/May/2013:21:37:03 -0700] "GET /images/gallery/4.jpg HTTP/1.1" 200 437715 "-" "Googlebot-Image/1.0"
66.249.74.88 - - [12/May/2013:22:03:53 -0700] "GET /images/gallery/5.jpg HTTP/1.1" 404 510 "-" "Googlebot-Image/1.0"
68.181.1.6 - - [12/May/2013:22:15:41 -0700] "GET / HTTP/1.1" 304 212 "-" "Mozilla/5.0 (Windows NT 6.1; WOW64) AppleWebKit/537.31 (KHTML, like Gecko) Chrome/26.0.1410.64 Safari/537.31"
68.181.1.6 - - [12/May/2013:22:15:42 -0700] "GET /styles/style.css HTTP/1.1" 304 211 "http://uscauv.com/" "Mozilla/5.0 (Windows NT 6.1; WOW64) AppleWebKit/537.31 (KHTML, like Gecko) Chrome/26.0.1410.64 Safari/537.31"
68.181.1.6 - - [12/May/2013:22:15:42 -0700] "GET /styles/base.css HTTP/1.1" 304 211 "http://uscauv.com/" "Mozilla/5.0 (Windows NT 6.1; WOW64) AppleWebKit/537.31 (KHTML, like Gecko) Chrome/26.0.1410.64 Safari/537.31"
68.181.1.6 - - [12/May/2013:22:15:42 -0700] "GET /scripts/jquery.pikachoose.js HTTP/1.1" 304 211 "http://uscauv.com/" "Mozilla/5.0 (Windows NT 6.1; WOW64) AppleWebKit/537.31 (KHTML, like Gecko) Chrome/26.0.1410.64 Safari/537.31"
68.181.1.6 - - [12/May/2013:22:15:42 -0700] "GET /images/noise.png HTTP/1.1" 404 505 "http://uscauv.com/" "Mozilla/5.0 (Windows NT 6.1; WOW64) AppleWebKit/537.31 (KHTML, like Gecko) Chrome/26.0.1410.64 Safari/537.31"
68.181.1.6 - - [12/May/2013:22:15:42 -0700] "GET /images/uscauvlogo.png HTTP/1.1" 304 188 "http://uscauv.com/" "Mozilla/5.0 (Windows NT 6.1; WOW64) AppleWebKit/537.31 (KHTML, like Gecko) Chrome/26.0.1410.64 Safari/537.31"
68.181.1.6 - - [12/May/2013:22:15:42 -0700] "GET /images/usc_viterbi_logo.png HTTP/1.1" 304 189 "http://uscauv.com/" "Mozilla/5.0 (Windows NT 6.1; WOW64) AppleWebKit/537.31 (KHTML, like Gecko) Chrome/26.0.1410.64 Safari/537.31"
68.181.1.6 - - [12/May/2013:22:15:42 -0700] "GET /images/home/4.jpg HTTP/1.1" 304 190 "http://uscauv.com/" "Mozilla/5.0 (Windows NT 6.1; WOW64) AppleWebKit/537.31 (KHTML, like Gecko) Chrome/26.0.1410.64 Safari/537.31"
68.181.1.6 - - [12/May/2013:22:15:42 -0700] "GET /images/bg.png HTTP/1.1" 304 189 "http://uscauv.com/" "Mozilla/5.0 (Windows NT 6.1; WOW64) AppleWebKit/537.31 (KHTML, like Gecko) Chrome/26.0.1410.64 Safari/537.31"
68.181.1.6 - - [12/May/2013:22:15:42 -0700] "GET /images/home/1.jpg HTTP/1.1" 304 190 "http://uscauv.com/" "Mozilla/5.0 (Windows NT 6.1; WOW64) AppleWebKit/537.31 (KHTML, like Gecko) Chrome/26.0.1410.64 Safari/537.31"
68.181.1.6 - - [12/May/2013:22:15:42 -0700] "GET /images/home/2.jpg HTTP/1.1" 304 191 "http://uscauv.com/" "Mozilla/5.0 (Windows NT 6.1; WOW64) AppleWebKit/537.31 (KHTML, like Gecko) Chrome/26.0.1410.64 Safari/537.31"
68.181.1.6 - - [12/May/2013:22:15:42 -0700] "GET /images/home/3.jpg HTTP/1.1" 304 190 "http://uscauv.com/" "Mozilla/5.0 (Windows NT 6.1; WOW64) AppleWebKit/537.31 (KHTML, like Gecko) Chrome/26.0.1410.64 Safari/537.31"
68.181.1.6 - - [12/May/2013:22:15:42 -0700] "GET /images/social.png HTTP/1.1" 304 188 "http://uscauv.com/" "Mozilla/5.0 (Windows NT 6.1; WOW64) AppleWebKit/537.31 (KHTML, like Gecko) Chrome/26.0.1410.64 Safari/537.31"
68.181.1.6 - - [12/May/2013:22:15:42 -0700] "GET /images/pause.png HTTP/1.1" 304 188 "http://uscauv.com/" "Mozilla/5.0 (Windows NT 6.1; WOW64) AppleWebKit/537.31 (KHTML, like Gecko) Chrome/26.0.1410.64 Safari/537.31"
68.181.1.6 - - [12/May/2013:22:15:42 -0700] "GET /images/prev.png HTTP/1.1" 304 188 "http://uscauv.com/" "Mozilla/5.0 (Windows NT 6.1; WOW64) AppleWebKit/537.31 (KHTML, like Gecko) Chrome/26.0.1410.64 Safari/537.31"
68.181.1.6 - - [12/May/2013:22:15:42 -0700] "GET /images/next.png HTTP/1.1" 304 188 "http://uscauv.com/" "Mozilla/5.0 (Windows NT 6.1; WOW64) AppleWebKit/537.31 (KHTML, like Gecko) Chrome/26.0.1410.64 Safari/537.31"
68.181.1.6 - - [12/May/2013:22:15:42 -0700] "GET /images/loading.gif HTTP/1.1" 304 187 "http://uscauv.com/" "Mozilla/5.0 (Windows NT 6.1; WOW64) AppleWebKit/537.31 (KHTML, like Gecko) Chrome/26.0.1410.64 Safari/537.31"
68.181.1.6 - - [12/May/2013:22:15:43 -0700] "GET /favicon.ico HTTP/1.1" 404 501 "-" "Mozilla/5.0 (Windows NT 6.1; WOW64) AppleWebKit/537.31 (KHTML, like Gecko) Chrome/26.0.1410.64 Safari/537.31"
68.181.1.6 - - [12/May/2013:22:15:49 -0700] "GET /gallery.html HTTP/1.1" 200 1823 "http://uscauv.com/" "Mozilla/5.0 (Windows NT 6.1; WOW64) AppleWebKit/537.31 (KHTML, like Gecko) Chrome/26.0.1410.64 Safari/537.31"
68.181.1.6 - - [12/May/2013:22:15:49 -0700] "GET /styles/jquery.fancybox-1.3.4.css HTTP/1.1" 200 2156 "http://uscauv.com/gallery.html" "Mozilla/5.0 (Windows NT 6.1; WOW64) AppleWebKit/537.31 (KHTML, like Gecko) Chrome/26.0.1410.64 Safari/537.31"
68.181.1.6 - - [12/May/2013:22:15:49 -0700] "GET /scripts/jquery.fancybox-1.3.4.pack.js HTTP/1.1" 200 5927 "http://uscauv.com/gallery.html" "Mozilla/5.0 (Windows NT 6.1; WOW64) AppleWebKit/537.31 (KHTML, like Gecko) Chrome/26.0.1410.64 Safari/537.31"
68.181.1.6 - - [12/May/2013:22:15:49 -0700] "GET /images/noise.png HTTP/1.1" 404 505 "http://uscauv.com/gallery.html" "Mozilla/5.0 (Windows NT 6.1; WOW64) AppleWebKit/537.31 (KHTML, like Gecko) Chrome/26.0.1410.64 Safari/537.31"
68.181.1.6 - - [12/May/2013:22:15:49 -0700] "GET /images/gallery/5.jpg HTTP/1.1" 404 509 "http://uscauv.com/gallery.html" "Mozilla/5.0 (Windows NT 6.1; WOW64) AppleWebKit/537.31 (KHTML, like Gecko) Chrome/26.0.1410.64 Safari/537.31"
68.181.1.6 - - [12/May/2013:22:15:49 -0700] "GET /images/gallery/7.jpg HTTP/1.1" 404 509 "http://uscauv.com/gallery.html" "Mozilla/5.0 (Windows NT 6.1; WOW64) AppleWebKit/537.31 (KHTML, like Gecko) Chrome/26.0.1410.64 Safari/537.31"
68.181.1.6 - - [12/May/2013:22:15:49 -0700] "GET /images/gallery/2.jpg HTTP/1.1" 200 375143 "http://uscauv.com/gallery.html" "Mozilla/5.0 (Windows NT 6.1; WOW64) AppleWebKit/537.31 (KHTML, like Gecko) Chrome/26.0.1410.64 Safari/537.31"
68.181.1.6 - - [12/May/2013:22:15:49 -0700] "GET /images/gallery/1.jpg HTTP/1.1" 200 521596 "http://uscauv.com/gallery.html" "Mozilla/5.0 (Windows NT 6.1; WOW64) AppleWebKit/537.31 (KHTML, like Gecko) Chrome/26.0.1410.64 Safari/537.31"
68.181.1.6 - - [12/May/2013:22:15:49 -0700] "GET /images/gallery/6.jpg HTTP/1.1" 200 364318 "http://uscauv.com/gallery.html" "Mozilla/5.0 (Windows NT 6.1; WOW64) AppleWebKit/537.31 (KHTML, like Gecko) Chrome/26.0.1410.64 Safari/537.31"
68.181.1.6 - - [12/May/2013:22:15:49 -0700] "GET /images/gallery/8.jpg HTTP/1.1" 200 367342 "http://uscauv.com/gallery.html" "Mozilla/5.0 (Windows NT 6.1; WOW64) AppleWebKit/537.31 (KHTML, like Gecko) Chrome/26.0.1410.64 Safari/537.31"
68.181.1.6 - - [12/May/2013:22:15:49 -0700] "GET /images/gallery/3.jpg HTTP/1.1" 200 338299 "http://uscauv.com/gallery.html" "Mozilla/5.0 (Windows NT 6.1; WOW64) AppleWebKit/537.31 (KHTML, like Gecko) Chrome/26.0.1410.64 Safari/537.31"
68.181.1.6 - - [12/May/2013:22:15:49 -0700] "GET /images/gallery/4.jpg HTTP/1.1" 200 437714 "http://uscauv.com/gallery.html" "Mozilla/5.0 (Windows NT 6.1; WOW64) AppleWebKit/537.31 (KHTML, like Gecko) Chrome/26.0.1410.64 Safari/537.31"
68.181.1.6 - - [12/May/2013:22:15:51 -0700] "GET /favicon.ico HTTP/1.1" 404 501 "-" "Mozilla/5.0 (Windows NT 6.1; WOW64) AppleWebKit/537.31 (KHTML, like Gecko) Chrome/26.0.1410.64 Safari/537.31"
68.181.1.6 - - [12/May/2013:22:15:54 -0700] "GET /images/gallery/7.jpg HTTP/1.1" 404 509 "http://uscauv.com/gallery.html" "Mozilla/5.0 (Windows NT 6.1; WOW64) AppleWebKit/537.31 (KHTML, like Gecko) Chrome/26.0.1410.64 Safari/537.31"
68.181.1.6 - - [12/May/2013:22:15:54 -0700] "GET /images/fancybox.png HTTP/1.1" 200 15581 "http://uscauv.com/gallery.html" "Mozilla/5.0 (Windows NT 6.1; WOW64) AppleWebKit/537.31 (KHTML, like Gecko) Chrome/26.0.1410.64 Safari/537.31"
68.181.1.6 - - [12/May/2013:22:15:54 -0700] "GET /images/fancybox-x.png HTTP/1.1" 200 493 "http://uscauv.com/gallery.html" "Mozilla/5.0 (Windows NT 6.1; WOW64) AppleWebKit/537.31 (KHTML, like Gecko) Chrome/26.0.1410.64 Safari/537.31"
68.181.1.6 - - [12/May/2013:22:15:54 -0700] "GET /images/fancybox-y.png HTTP/1.1" 200 466 "http://uscauv.com/gallery.html" "Mozilla/5.0 (Windows NT 6.1; WOW64) AppleWebKit/537.31 (KHTML, like Gecko) Chrome/26.0.1410.64 Safari/537.31"
68.181.1.6 - - [12/May/2013:22:15:54 -0700] "GET /images/blank.gif HTTP/1.1" 200 332 "http://uscauv.com/gallery.html" "Mozilla/5.0 (Windows NT 6.1; WOW64) AppleWebKit/537.31 (KHTML, like Gecko) Chrome/26.0.1410.64 Safari/537.31"
68.181.1.6 - - [12/May/2013:22:16:10 -0700] "GET /about.html HTTP/1.1" 200 3008 "http://uscauv.com/gallery.html" "Mozilla/5.0 (Windows NT 6.1; WOW64) AppleWebKit/537.31 (KHTML, like Gecko) Chrome/26.0.1410.64 Safari/537.31"
68.181.1.6 - - [12/May/2013:22:16:10 -0700] "GET /images/noise.png HTTP/1.1" 404 505 "http://uscauv.com/about.html" "Mozilla/5.0 (Windows NT 6.1; WOW64) AppleWebKit/537.31 (KHTML, like Gecko) Chrome/26.0.1410.64 Safari/537.31"
68.181.1.6 - - [12/May/2013:22:16:10 -0700] "GET /favicon.ico HTTP/1.1" 404 501 "-" "Mozilla/5.0 (Windows NT 6.1; WOW64) AppleWebKit/537.31 (KHTML, like Gecko) Chrome/26.0.1410.64 Safari/537.31"
::1 - - [12/May/2013:22:16:11 -0700] "OPTIONS * HTTP/1.0" 200 152 "-" "Apache/2.2.16 (Debian) (internal dummy connection)"
68.181.1.6 - - [12/May/2013:22:16:12 -0700] "GET /contact.html HTTP/1.1" 200 2387 "http://uscauv.com/about.html" "Mozilla/5.0 (Windows NT 6.1; WOW64) AppleWebKit/537.31 (KHTML, like Gecko) Chrome/26.0.1410.64 Safari/537.31"
68.181.1.6 - - [12/May/2013:22:16:12 -0700] "GET /images/noise.png HTTP/1.1" 404 505 "http://uscauv.com/contact.html" "Mozilla/5.0 (Windows NT 6.1; WOW64) AppleWebKit/537.31 (KHTML, like Gecko) Chrome/26.0.1410.64 Safari/537.31"
::1 - - [12/May/2013:22:16:12 -0700] "OPTIONS * HTTP/1.0" 200 152 "-" "Apache/2.2.16 (Debian) (internal dummy connection)"
68.181.1.6 - - [12/May/2013:22:16:13 -0700] "GET /favicon.ico HTTP/1.1" 404 501 "-" "Mozilla/5.0 (Windows NT 6.1; WOW64) AppleWebKit/537.31 (KHTML, like Gecko) Chrome/26.0.1410.64 Safari/537.31"
68.181.1.6 - - [12/May/2013:22:16:13 -0700] "GET /favicon.ico HTTP/1.1" 404 501 "-" "Mozilla/5.0 (Windows NT 6.1; WOW64) AppleWebKit/537.31 (KHTML, like Gecko) Chrome/26.0.1410.64 Safari/537.31"
68.181.1.6 - - [12/May/2013:22:16:13 -0700] "GET /favicon.ico HTTP/1.1" 404 501 "-" "Mozilla/5.0 (Windows NT 6.1; WOW64) AppleWebKit/537.31 (KHTML, like Gecko) Chrome/26.0.1410.64 Safari/537.31"
::1 - - [12/May/2013:22:16:31 -0700] "OPTIONS * HTTP/1.0" 200 152 "-" "Apache/2.2.16 (Debian) (internal dummy connection)"
66.249.74.88 - - [12/May/2013:22:32:41 -0700] "GET /images/gallery/2.jpg HTTP/1.1" 200 375144 "-" "Googlebot-Image/1.0"
66.249.74.88 - - [12/May/2013:23:01:29 -0700] "GET /images/gallery/8.jpg HTTP/1.1" 200 367343 "-" "Googlebot-Image/1.0"
95.108.240.252 - - [13/May/2013:02:19:33 -0700] "GET /robots.txt HTTP/1.1" 404 525 "-" "Mozilla/5.0 (compatible; YandexBot/3.0; +http://yandex.com/bots)"
95.108.240.252 - - [13/May/2013:04:15:39 -0700] "GET /contact.html HTTP/1.1" 200 2388 "-" "Mozilla/5.0 (compatible; YandexBot/3.0; +http://yandex.com/bots)"
157.55.33.123 - - [13/May/2013:05:07:35 -0700] "GET /robots.txt HTTP/1.1" 404 525 "-" "Mozilla/5.0 (compatible; bingbot/2.0; +http://www.bing.com/bingbot.htm)"
157.55.33.123 - - [13/May/2013:05:09:18 -0700] "GET / HTTP/1.1" 200 2652 "-" "Mozilla/5.0 (compatible; bingbot/2.0; +http://www.bing.com/bingbot.htm)"
95.108.240.252 - - [13/May/2013:06:11:45 -0700] "GET /index.html HTTP/1.1" 200 2652 "-" "Mozilla/5.0 (compatible; YandexBot/3.0; +http://yandex.com/bots)"
195.157.156.102 - - [13/May/2013:07:10:27 -0700] "HEAD /manager/status HTTP/1.1" 404 220 "-" "Java/1.6.0_0"
157.55.32.149 - - [13/May/2013:08:02:32 -0700] "GET /robots.txt HTTP/1.1" 404 525 "-" "Mozilla/5.0 (compatible; bingbot/2.0; +http://www.bing.com/bingbot.htm)"
157.55.32.149 - - [13/May/2013:08:04:13 -0700] "GET / HTTP/1.1" 200 2652 "-" "Mozilla/5.0 (compatible; bingbot/2.0; +http://www.bing.com/bingbot.htm)"
95.108.240.252 - - [13/May/2013:08:07:50 -0700] "GET /about.html HTTP/1.1" 200 3008 "-" "Mozilla/5.0 (compatible; YandexBot/3.0; +http://yandex.com/bots)"
79.148.32.60 - - [13/May/2013:11:03:20 -0700] "OPTIONS /C$/Program%20Files/Outlook%20Express/msimn.exe HTTP/1.1" 200 220 "-" "Microsoft-WebDAV-MiniRedir/6.1.7601"
79.148.32.60 - - [13/May/2013:11:03:21 -0700] "PROPFIND /C$/Program%20Files/Outlook%20Express/msimn.exe HTTP/1.1" 405 627 "-" "Microsoft-WebDAV-MiniRedir/6.1.7601"
79.148.32.60 - - [13/May/2013:11:03:22 -0700] "PROPFIND /C$/Program%20Files/Outlook%20Express HTTP/1.1" 405 617 "-" "Microsoft-WebDAV-MiniRedir/6.1.7601"
79.148.32.60 - - [13/May/2013:11:03:22 -0700] "PROPFIND /C$/Program%20Files/Outlook%20Express/ HTTP/1.1" 405 618 "-" "Microsoft-WebDAV-MiniRedir/6.1.7601"
79.148.32.60 - - [13/May/2013:11:03:22 -0700] "PROPFIND /C$/Program%20Files HTTP/1.1" 405 601 "-" "Microsoft-WebDAV-MiniRedir/6.1.7601"
95.108.240.252 - - [13/May/2013:11:04:45 -0700] "GET /gallery.html HTTP/1.1" 200 1824 "-" "Mozilla/5.0 (compatible; YandexBot/3.0; +http://yandex.com/bots)"
184.172.186.243 - - [13/May/2013:12:18:54 -0700] "GET / HTTP/1.0" 200 8605 "-" "-"
157.55.33.123 - - [13/May/2013:13:50:40 -0700] "GET /robots.txt HTTP/1.1" 404 525 "-" "Mozilla/5.0 (compatible; bingbot/2.0; +http://www.bing.com/bingbot.htm)"
157.55.33.123 - - [13/May/2013:13:53:02 -0700] "GET / HTTP/1.1" 200 2652 "-" "Mozilla/5.0 (compatible; bingbot/2.0; +http://www.bing.com/bingbot.htm)"
66.249.75.232 - - [13/May/2013:16:05:21 -0700] "GET /robots.txt HTTP/1.1" 404 502 "-" "Mozilla/5.0 (compatible; Googlebot/2.1; +http://www.google.com/bot.html)"
66.249.75.232 - - [13/May/2013:16:05:21 -0700] "GET / HTTP/1.1" 200 2651 "-" "Mozilla/5.0 (iPhone; U; CPU iPhone OS 4_1 like Mac OS X; en-us) AppleWebKit/532.9 (KHTML, like Gecko) Version/4.0.5 Mobile/8B117 Safari/6531.22.7 (compatible; Googlebot-Mobile/2.1; +http://www.google.com/bot.html)"
95.108.240.252 - - [13/May/2013:16:31:26 -0700] "GET /robots.txt HTTP/1.1" 404 525 "-" "Mozilla/5.0 (compatible; YandexBot/3.0; +http://yandex.com/bots)"
95.108.240.252 - - [13/May/2013:16:50:15 -0700] "GET /robots.txt HTTP/1.1" 404 525 "-" "Mozilla/5.0 (compatible; YandexBot/3.0; +http://yandex.com/bots)"
95.108.240.252 - - [13/May/2013:16:50:15 -0700] "GET /robots.txt HTTP/1.1" 404 524 "-" "Mozilla/5.0 (compatible; YandexBot/3.0; +http://yandex.com/bots)"
95.108.240.252 - - [13/May/2013:16:50:16 -0700] "GET / HTTP/1.1" 200 2651 "-" "Mozilla/5.0 (compatible; YandexBot/3.0; +http://yandex.com/bots)"
95.108.240.252 - - [13/May/2013:16:50:17 -0700] "GET / HTTP/1.1" 200 2652 "-" "Mozilla/5.0 (compatible; YandexBot/3.0; +http://yandex.com/bots)"
95.108.240.252 - - [13/May/2013:16:50:18 -0700] "GET / HTTP/1.1" 200 2652 "-" "Mozilla/5.0 (compatible; YandexBot/3.0; +http://yandex.com/bots)"
95.108.240.252 - - [13/May/2013:16:50:22 -0700] "GET / HTTP/1.1" 200 2652 "-" "Mozilla/5.0 (compatible; YandexBot/3.0; +http://yandex.com/bots)"
95.108.240.252 - - [13/May/2013:16:50:32 -0700] "GET / HTTP/1.1" 200 2652 "-" "Mozilla/5.0 (compatible; YandexBot/3.0; +http://yandex.com/bots)"
95.108.240.252 - - [13/May/2013:16:50:33 -0700] "GET / HTTP/1.1" 200 2652 "-" "Mozilla/5.0 (compatible; YandexBot/3.0; +http://yandex.com/bots)"
66.249.75.232 - - [13/May/2013:17:33:38 -0700] "GET /images/home/1.jpg HTTP/1.1" 200 222797 "-" "Googlebot-Image/1.0"
66.249.75.232 - - [13/May/2013:17:33:39 -0700] "GET /images/uscauvlogo.png HTTP/1.1" 200 30588 "-" "Googlebot-Image/1.0"
157.55.32.149 - - [13/May/2013:20:56:31 -0700] "GET /robots.txt HTTP/1.1" 404 525 "-" "Mozilla/5.0 (compatible; bingbot/2.0; +http://www.bing.com/bingbot.htm)"
157.55.32.149 - - [13/May/2013:20:58:44 -0700] "GET / HTTP/1.1" 200 2652 "-" "Mozilla/5.0 (compatible; bingbot/2.0; +http://www.bing.com/bingbot.htm)"
66.249.75.232 - - [14/May/2013:01:24:09 -0700] "GET /robots.txt HTTP/1.1" 404 502 "-" "Mozilla/5.0 (compatible; Googlebot/2.1; +http://www.google.com/bot.html)"
66.249.75.232 - - [14/May/2013:01:24:09 -0700] "GET /images/usc_viterbi_logo.png HTTP/1.1" 200 114787 "-" "Googlebot-Image/1.0"
66.249.75.232 - - [14/May/2013:01:24:35 -0700] "GET /images/home/4.jpg HTTP/1.1" 200 1288208 "-" "Googlebot-Image/1.0"
157.55.33.123 - - [14/May/2013:01:41:18 -0700] "GET /robots.txt HTTP/1.1" 404 525 "-" "Mozilla/5.0 (compatible; bingbot/2.0; +http://www.bing.com/bingbot.htm)"
157.55.33.123 - - [14/May/2013:01:43:02 -0700] "GET / HTTP/1.1" 200 2652 "-" "Mozilla/5.0 (compatible; bingbot/2.0; +http://www.bing.com/bingbot.htm)"
76.164.194.114 - - [14/May/2013:03:40:46 -0700] "HEAD / HTTP/1.0" 200 279 "-" "-"
95.108.240.252 - - [14/May/2013:03:58:50 -0700] "GET /robots.txt HTTP/1.1" 404 525 "-" "Mozilla/5.0 (compatible; YandexBot/3.0; +http://yandex.com/bots)"
95.108.240.252 - - [14/May/2013:06:48:46 -0700] "GET /contact.html HTTP/1.1" 200 2388 "-" "Mozilla/5.0 (compatible; YandexBot/3.0; +http://yandex.com/bots)"
64.202.161.41 - - [14/May/2013:07:14:40 -0700] "GET / HTTP/1.1" 200 8643 "-" "Mozilla/5.0 (Windows; U; Windows NT 5.1; en-US; rv:1.9.1.8) Gecko/20100202 Firefox/3.5.8 ( .NET CLR 3.5.30729)"
64.202.161.46 - - [14/May/2013:07:14:42 -0700] "GET / HTTP/1.1" 200 8643 "-" "Mozilla/5.0 (Windows; U; Windows NT 5.1; en-US; rv:1.9.1.8) Gecko/20100202 Firefox/3.5.8 ( .NET CLR 3.5.30729)"
64.202.161.46 - - [14/May/2013:07:14:42 -0700] "GET / HTTP/1.1" 200 8643 "-" "Mozilla/5.0 (Windows; U; Windows NT 5.1; en-US; rv:1.9.1.8) Gecko/20100202 Firefox/3.5.8 ( .NET CLR 3.5.30729)"
64.202.161.46 - - [14/May/2013:07:14:43 -0700] "GET / HTTP/1.1" 200 8643 "-" "Mozilla/5.0 (Windows; U; Windows NT 5.1; en-US; rv:1.9.1.8) Gecko/20100202 Firefox/3.5.8 ( .NET CLR 3.5.30729)"
64.202.161.47 - - [14/May/2013:07:15:19 -0700] "GET / HTTP/1.1" 200 8643 "-" "Mozilla/5.0 (Windows; U; Windows NT 5.1; en-US; rv:1.9.1.8) Gecko/20100202 Firefox/3.5.8 ( .NET CLR 3.5.30729)"
64.202.161.46 - - [14/May/2013:07:15:21 -0700] "GET / HTTP/1.1" 200 8643 "-" "Mozilla/5.0 (Windows; U; Windows NT 5.1; en-US; rv:1.9.1.8) Gecko/20100202 Firefox/3.5.8 ( .NET CLR 3.5.30729)"
66.249.74.88 - - [14/May/2013:09:16:06 -0700] "GET /robots.txt HTTP/1.1" 404 502 "-" "Mozilla/5.0 (compatible; Googlebot/2.1; +http://www.google.com/bot.html)"
66.249.74.88 - - [14/May/2013:09:16:06 -0700] "GET /images/gallery/5.jpg HTTP/1.1" 404 509 "-" "Googlebot-Image/1.0"
66.249.74.88 - - [14/May/2013:09:16:44 -0700] "GET /images/gallery/7.jpg HTTP/1.1" 404 510 "-" "Googlebot-Image/1.0"
66.249.74.88 - - [14/May/2013:09:16:58 -0700] "GET /images/home/2.jpg HTTP/1.1" 200 1288216 "-" "Googlebot-Image/1.0"
157.55.32.106 - - [14/May/2013:09:23:39 -0700] "GET /robots.txt HTTP/1.1" 404 525 "-" "Mozilla/5.0 (compatible; bingbot/2.0; +http://www.bing.com/bingbot.htm)"
157.55.32.106 - - [14/May/2013:09:25:40 -0700] "GET /competition.php HTTP/1.1" 200 340 "-" "Mozilla/5.0 (compatible; bingbot/2.0; +http://www.bing.com/bingbot.htm)"
95.108.240.252 - - [14/May/2013:09:48:48 -0700] "GET /robots.txt HTTP/1.1" 404 525 "-" "Mozilla/5.0 (compatible; YandexBot/3.0; +http://yandex.com/bots)"
66.249.74.88 - - [14/May/2013:10:14:54 -0700] "GET /jewqrspeaqlbk.html HTTP/1.1" 404 508 "-" "Mozilla/5.0 (compatible; Googlebot/2.1; +http://www.google.com/bot.html)"
157.55.32.149 - - [14/May/2013:11:20:10 -0700] "GET /robots.txt HTTP/1.1" 404 525 "-" "Mozilla/5.0 (compatible; bingbot/2.0; +http://www.bing.com/bingbot.htm)"
157.55.32.149 - - [14/May/2013:11:21:44 -0700] "GET / HTTP/1.1" 200 2652 "-" "Mozilla/5.0 (compatible; bingbot/2.0; +http://www.bing.com/bingbot.htm)"
95.108.240.252 - - [14/May/2013:11:33:54 -0700] "GET /robots.txt HTTP/1.1" 404 525 "-" "Mozilla/5.0 (compatible; YandexBot/3.0; +http://yandex.com/bots)"
95.108.240.252 - - [14/May/2013:12:58:47 -0700] "GET / HTTP/1.1" 200 2652 "-" "Mozilla/5.0 (compatible; YandexBot/3.0; +http://yandex.com/bots)"
157.55.33.123 - - [14/May/2013:13:05:03 -0700] "GET /robots.txt HTTP/1.1" 404 525 "-" "Mozilla/5.0 (compatible; bingbot/2.0; +http://www.bing.com/bingbot.htm)"
95.108.240.252 - - [14/May/2013:15:22:53 -0700] "GET / HTTP/1.1" 200 2652 "-" "Mozilla/5.0 (compatible; YandexBot/3.0; +http://yandex.com/bots)"
94.23.43.173 - - [14/May/2013:16:43:31 -0700] "GET / HTTP/1.0" 200 8643 "-" "visaduhoc.info Crawler"
95.108.240.252 - - [14/May/2013:16:45:15 -0700] "GET /robots.txt HTTP/1.1" 404 525 "-" "Mozilla/5.0 (compatible; YandexBot/3.0; +http://yandex.com/bots)"
66.249.74.88 - - [14/May/2013:17:06:47 -0700] "GET /robots.txt HTTP/1.1" 404 502 "-" "Mozilla/5.0 (compatible; Googlebot/2.1; +http://www.google.com/bot.html)"
66.249.74.88 - - [14/May/2013:17:06:47 -0700] "GET /images/gallery/8.jpg HTTP/1.1" 200 367342 "-" "Googlebot-Image/1.0"
66.249.74.88 - - [14/May/2013:17:07:42 -0700] "GET /images/home/3.jpg HTTP/1.1" 200 222797 "-" "Googlebot-Image/1.0"
66.249.74.88 - - [14/May/2013:17:07:50 -0700] "GET /images/gallery/1.jpg HTTP/1.1" 200 521597 "-" "Googlebot-Image/1.0"
157.55.33.123 - - [14/May/2013:17:27:22 -0700] "GET /robots.txt HTTP/1.1" 404 525 "-" "Mozilla/5.0 (compatible; bingbot/2.0; +http://www.bing.com/bingbot.htm)"
157.55.33.123 - - [14/May/2013:17:28:43 -0700] "GET / HTTP/1.1" 200 2652 "-" "Mozilla/5.0 (compatible; bingbot/2.0; +http://www.bing.com/bingbot.htm)"
95.108.240.252 - - [14/May/2013:17:57:44 -0700] "GET /index.php HTTP/1.1" 200 570 "-" "Mozilla/5.0 (compatible; YandexBot/3.0; +http://yandex.com/bots)"
65.55.215.62 - - [14/May/2013:18:18:31 -0700] "GET /robots.txt HTTP/1.1" 404 463 "-" "msnbot-media/1.1 (+http://search.msn.com/msnbot.htm)"
65.55.215.62 - - [14/May/2013:18:18:31 -0700] "GET /images/home/2.jpg HTTP/1.1" 200 1288178 "-" "msnbot-media/1.1 (+http://search.msn.com/msnbot.htm)"
95.108.240.252 - - [14/May/2013:18:44:51 -0700] "GET /gallery.html HTTP/1.1" 200 1824 "-" "Mozilla/5.0 (compatible; YandexBot/3.0; +http://yandex.com/bots)"
65.55.215.35 - - [14/May/2013:20:04:09 -0700] "GET /robots.txt HTTP/1.1" 404 463 "-" "msnbot-media/1.1 (+http://search.msn.com/msnbot.htm)"
65.55.215.35 - - [14/May/2013:20:04:09 -0700] "GET /images/home/1.jpg HTTP/1.1" 200 222759 "-" "msnbot-media/1.1 (+http://search.msn.com/msnbot.htm)"
199.30.16.40 - - [14/May/2013:20:16:10 -0700] "GET /robots.txt HTTP/1.1" 404 463 "-" "msnbot-media/1.1 (+http://search.msn.com/msnbot.htm)"
199.30.16.40 - - [14/May/2013:20:16:10 -0700] "GET /images/home/3.jpg HTTP/1.1" 200 222759 "-" "msnbot-media/1.1 (+http://search.msn.com/msnbot.htm)"
157.55.32.149 - - [14/May/2013:20:33:01 -0700] "GET /robots.txt HTTP/1.1" 404 525 "-" "Mozilla/5.0 (compatible; bingbot/2.0; +http://www.bing.com/bingbot.htm)"
157.55.32.149 - - [14/May/2013:20:34:14 -0700] "GET / HTTP/1.1" 200 2652 "-" "Mozilla/5.0 (compatible; bingbot/2.0; +http://www.bing.com/bingbot.htm)"
124.238.251.130 - - [14/May/2013:21:22:22 -0700] "GET /19579614.html HTTP/1.0" 404 490 "-" "Mozilla/4.0 (compatible; MSIE 6.0; Windows NT 5.1; SV1)"
65.55.215.98 - - [14/May/2013:22:21:46 -0700] "GET /robots.txt HTTP/1.1" 404 463 "-" "msnbot-media/1.1 (+http://search.msn.com/msnbot.htm)"
65.55.215.98 - - [14/May/2013:22:21:46 -0700] "GET /images/home/4.jpg HTTP/1.1" 200 1288170 "-" "msnbot-media/1.1 (+http://search.msn.com/msnbot.htm)"
183.91.14.60 - - [14/May/2013:23:20:26 -0700] "GET http://www.google.com/ HTTP/1.0" 200 8605 "-" "Mozilla/4.0 (compatible; MSIE 6.0; Windows NT 5.1)"
157.55.33.123 - - [15/May/2013:01:21:33 -0700] "GET /robots.txt HTTP/1.1" 404 525 "-" "Mozilla/5.0 (compatible; bingbot/2.0; +http://www.bing.com/bingbot.htm)"
157.55.33.123 - - [15/May/2013:01:23:35 -0700] "GET / HTTP/1.1" 200 2652 "-" "Mozilla/5.0 (compatible; bingbot/2.0; +http://www.bing.com/bingbot.htm)"
97.65.187.195 - - [15/May/2013:04:37:04 -0700] "GET / HTTP/1.1" 200 2652 "http://cres.usc.edu/Research/robots.php" "Mozilla/5.0 (Windows NT 6.1; WOW64; rv:20.0) Gecko/20100101 Firefox/20.0"
97.65.187.195 - - [15/May/2013:04:37:04 -0700] "GET /styles/style.css HTTP/1.1" 200 4297 "http://uscauv.com/" "Mozilla/5.0 (Windows NT 6.1; WOW64; rv:20.0) Gecko/20100101 Firefox/20.0"
97.65.187.195 - - [15/May/2013:04:37:04 -0700] "GET /styles/base.css HTTP/1.1" 200 1326 "http://uscauv.com/" "Mozilla/5.0 (Windows NT 6.1; WOW64; rv:20.0) Gecko/20100101 Firefox/20.0"
97.65.187.195 - - [15/May/2013:04:37:04 -0700] "GET /scripts/jquery.pikachoose.js HTTP/1.1" 200 9221 "http://uscauv.com/" "Mozilla/5.0 (Windows NT 6.1; WOW64; rv:20.0) Gecko/20100101 Firefox/20.0"
97.65.187.195 - - [15/May/2013:04:37:04 -0700] "GET /images/uscauvlogo.png HTTP/1.1" 200 30588 "http://uscauv.com/" "Mozilla/5.0 (Windows NT 6.1; WOW64; rv:20.0) Gecko/20100101 Firefox/20.0"
97.65.187.195 - - [15/May/2013:04:37:04 -0700] "GET /images/usc_viterbi_logo.png HTTP/1.1" 200 114787 "http://uscauv.com/" "Mozilla/5.0 (Windows NT 6.1; WOW64; rv:20.0) Gecko/20100101 Firefox/20.0"
97.65.187.195 - - [15/May/2013:04:37:04 -0700] "GET /images/home/1.jpg HTTP/1.1" 200 222796 "http://uscauv.com/" "Mozilla/5.0 (Windows NT 6.1; WOW64; rv:20.0) Gecko/20100101 Firefox/20.0"
97.65.187.195 - - [15/May/2013:04:37:05 -0700] "GET /images/bg.png HTTP/1.1" 200 47489 "http://uscauv.com/styles/style.css" "Mozilla/5.0 (Windows NT 6.1; WOW64; rv:20.0) Gecko/20100101 Firefox/20.0"
97.65.187.195 - - [15/May/2013:04:37:05 -0700] "GET /images/noise.png HTTP/1.1" 404 505 "http://uscauv.com/styles/style.css" "Mozilla/5.0 (Windows NT 6.1; WOW64; rv:20.0) Gecko/20100101 Firefox/20.0"
97.65.187.195 - - [15/May/2013:04:37:05 -0700] "GET /images/prev.png HTTP/1.1" 200 53341 "http://uscauv.com/styles/base.css" "Mozilla/5.0 (Windows NT 6.1; WOW64; rv:20.0) Gecko/20100101 Firefox/20.0"
97.65.187.195 - - [15/May/2013:04:37:05 -0700] "GET /images/next.png HTTP/1.1" 200 52570 "http://uscauv.com/styles/base.css" "Mozilla/5.0 (Windows NT 6.1; WOW64; rv:20.0) Gecko/20100101 Firefox/20.0"
97.65.187.195 - - [15/May/2013:04:37:05 -0700] "GET /images/social.png HTTP/1.1" 200 6343 "http://uscauv.com/styles/style.css" "Mozilla/5.0 (Windows NT 6.1; WOW64; rv:20.0) Gecko/20100101 Firefox/20.0"
97.65.187.195 - - [15/May/2013:04:37:04 -0700] "GET /images/home/3.jpg HTTP/1.1" 200 222797 "http://uscauv.com/" "Mozilla/5.0 (Windows NT 6.1; WOW64; rv:20.0) Gecko/20100101 Firefox/20.0"
97.65.187.195 - - [15/May/2013:04:37:05 -0700] "GET /images/loading.gif HTTP/1.1" 200 964 "http://uscauv.com/styles/base.css" "Mozilla/5.0 (Windows NT 6.1; WOW64; rv:20.0) Gecko/20100101 Firefox/20.0"
97.65.187.195 - - [15/May/2013:04:37:04 -0700] "GET /images/home/4.jpg HTTP/1.1" 200 1288208 "http://uscauv.com/" "Mozilla/5.0 (Windows NT 6.1; WOW64; rv:20.0) Gecko/20100101 Firefox/20.0"
97.65.187.195 - - [15/May/2013:04:37:04 -0700] "GET /images/home/2.jpg HTTP/1.1" 200 1288216 "http://uscauv.com/" "Mozilla/5.0 (Windows NT 6.1; WOW64; rv:20.0) Gecko/20100101 Firefox/20.0"
97.65.187.195 - - [15/May/2013:04:37:06 -0700] "GET /favicon.ico HTTP/1.1" 404 501 "-" "Mozilla/5.0 (Windows NT 6.1; WOW64; rv:20.0) Gecko/20100101 Firefox/20.0"
::1 - - [15/May/2013:04:37:20 -0700] "OPTIONS * HTTP/1.0" 200 152 "-" "Apache/2.2.16 (Debian) (internal dummy connection)"
::1 - - [15/May/2013:04:37:21 -0700] "OPTIONS * HTTP/1.0" 200 152 "-" "Apache/2.2.16 (Debian) (internal dummy connection)"
::1 - - [15/May/2013:04:37:22 -0700] "OPTIONS * HTTP/1.0" 200 152 "-" "Apache/2.2.16 (Debian) (internal dummy connection)"
::1 - - [15/May/2013:04:37:23 -0700] "OPTIONS * HTTP/1.0" 200 152 "-" "Apache/2.2.16 (Debian) (internal dummy connection)"
199.30.20.63 - - [15/May/2013:05:43:50 -0700] "GET /robots.txt HTTP/1.1" 404 463 "-" "msnbot-media/1.1 (+http://search.msn.com/msnbot.htm)"
199.30.20.63 - - [15/May/2013:05:43:50 -0700] "GET /images/uscauvlogo.png HTTP/1.1" 200 30577 "-" "msnbot-media/1.1 (+http://search.msn.com/msnbot.htm)"
199.30.16.5 - - [15/May/2013:06:05:10 -0700] "GET /robots.txt HTTP/1.1" 404 463 "-" "msnbot-media/1.1 (+http://search.msn.com/msnbot.htm)"
199.30.16.5 - - [15/May/2013:06:05:10 -0700] "GET /images/usc_viterbi_logo.png HTTP/1.1" 200 114776 "-" "msnbot-media/1.1 (+http://search.msn.com/msnbot.htm)"
94.23.233.35 - - [15/May/2013:06:10:06 -0700] "GET / HTTP/1.0" 200 8643 "-" "visaduhoc.info Crawler"
69.58.178.57 - - [15/May/2013:06:46:22 -0700] "GET /robots.txt HTTP/1.1" 404 468 "-" "Mozilla/5.0 (X11; Ubuntu; Linux i686; rv:14.0; ips-agent) Gecko/20100101 Firefox/14.0.1"
69.58.178.57 - - [15/May/2013:06:46:23 -0700] "GET / HTTP/1.1" 200 8586 "-" "Mozilla/5.0 (X11; Ubuntu; Linux i686; rv:14.0; ips-agent) Gecko/20100101 Firefox/14.0.1"
69.58.178.57 - - [15/May/2013:06:46:24 -0700] "GET / HTTP/1.1" 200 8586 "-" "BlackBerry9000/4.6.0.167 Profile/MIDP-2.0 Configuration/CLDC-1.1 VendorID/102 ips-agent"
69.58.178.57 - - [15/May/2013:06:46:25 -0700] "GET /about.html HTTP/1.1" 200 6795 "-" "Mozilla/5.0 (X11; Ubuntu; Linux i686; rv:14.0; ips-agent) Gecko/20100101 Firefox/14.0.1"
69.58.178.57 - - [15/May/2013:06:46:26 -0700] "GET /contact.html HTTP/1.1" 200 5636 "-" "Mozilla/5.0 (X11; Ubuntu; Linux i686; rv:14.0; ips-agent) Gecko/20100101 Firefox/14.0.1"
69.58.178.57 - - [15/May/2013:06:46:27 -0700] "GET /index.html HTTP/1.1" 200 8586 "-" "Mozilla/5.0 (X11; Ubuntu; Linux i686; rv:14.0; ips-agent) Gecko/20100101 Firefox/14.0.1"
69.58.178.57 - - [15/May/2013:06:46:28 -0700] "GET /gallery.html HTTP/1.1" 200 4916 "-" "Mozilla/5.0 (X11; Ubuntu; Linux i686; rv:14.0; ips-agent) Gecko/20100101 Firefox/14.0.1"
31.202.212.80 - - [15/May/2013:08:21:03 -0700] "GET / HTTP/1.1" 200 8643 "-" "-"
95.108.240.252 - - [15/May/2013:09:01:31 -0700] "GET /robots.txt HTTP/1.1" 404 525 "-" "Mozilla/5.0 (compatible; YandexBot/3.0; +http://yandex.com/bots)"
95.108.240.252 - - [15/May/2013:10:04:22 -0700] "GET /robots.txt HTTP/1.1" 404 525 "-" "Mozilla/5.0 (compatible; YandexBot/3.0; +http://yandex.com/bots)"
95.108.240.252 - - [15/May/2013:11:07:13 -0700] "GET /about.html HTTP/1.1" 200 3008 "-" "Mozilla/5.0 (compatible; YandexBot/3.0; +http://yandex.com/bots)"
95.108.240.252 - - [15/May/2013:12:10:04 -0700] "GET /contact.html HTTP/1.1" 200 2388 "-" "Mozilla/5.0 (compatible; YandexBot/3.0; +http://yandex.com/bots)"
157.55.32.149 - - [15/May/2013:12:41:48 -0700] "GET /robots.txt HTTP/1.1" 404 525 "-" "Mozilla/5.0 (compatible; bingbot/2.0; +http://www.bing.com/bingbot.htm)"
157.55.32.149 - - [15/May/2013:12:43:28 -0700] "GET / HTTP/1.1" 200 2652 "-" "Mozilla/5.0 (compatible; bingbot/2.0; +http://www.bing.com/bingbot.htm)"
95.108.240.252 - - [15/May/2013:13:12:56 -0700] "GET /contact.html HTTP/1.1" 200 2388 "-" "Mozilla/5.0 (compatible; YandexBot/3.0; +http://yandex.com/bots)"
95.108.240.252 - - [15/May/2013:14:15:47 -0700] "GET /gallery.html HTTP/1.1" 200 1824 "-" "Mozilla/5.0 (compatible; YandexBot/3.0; +http://yandex.com/bots)"
157.55.33.123 - - [15/May/2013:14:26:44 -0700] "GET /robots.txt HTTP/1.1" 404 525 "-" "Mozilla/5.0 (compatible; bingbot/2.0; +http://www.bing.com/bingbot.htm)"
157.55.33.123 - - [15/May/2013:14:28:33 -0700] "GET / HTTP/1.1" 200 2652 "-" "Mozilla/5.0 (compatible; bingbot/2.0; +http://www.bing.com/bingbot.htm)"
95.108.240.252 - - [15/May/2013:15:18:38 -0700] "GET /index.html HTTP/1.1" 200 2652 "-" "Mozilla/5.0 (compatible; YandexBot/3.0; +http://yandex.com/bots)"
95.108.240.252 - - [15/May/2013:16:21:29 -0700] "GET /index.html HTTP/1.1" 200 2652 "-" "Mozilla/5.0 (compatible; YandexBot/3.0; +http://yandex.com/bots)"
95.108.240.252 - - [15/May/2013:17:24:19 -0700] "GET /gallery.html HTTP/1.1" 200 1824 "-" "Mozilla/5.0 (compatible; YandexBot/3.0; +http://yandex.com/bots)"
209.114.35.216 - - [15/May/2013:18:08:56 -0700] "GET //components/com_jnews/includes/openflashchart/php-ofc-library/ofc_upload_image.php HTTP/1.1" 404 513 "-" "Mozilla/4.0 (compatible; MSIE 6.0; Windows 98)"
209.114.35.216 - - [15/May/2013:18:08:56 -0700] "GET //components/com_jnews/includes/openflashchart/php-ofc-library/ofc_upload_image.php HTTP/1.1" 404 513 "-" "Mozilla/4.0 (compatible; MSIE 6.0; Windows 98)"
209.114.35.216 - - [15/May/2013:18:08:56 -0700] "GET //administrator/components/com_jnews/includes/openflashchart/php-ofc-library/ofc_upload_image.php HTTP/1.1" 404 521 "-" "Mozilla/4.0 (compatible; MSIE 6.0; Windows 98)"
209.114.35.216 - - [15/May/2013:18:08:56 -0700] "GET //administrator/components/com_jnews/includes/openflashchart/php-ofc-library/ofc_upload_image.php HTTP/1.1" 404 521 "-" "Mozilla/4.0 (compatible; MSIE 6.0; Windows 98)"
95.108.240.252 - - [15/May/2013:18:20:48 -0700] "GET /about.html HTTP/1.1" 200 3008 "-" "Mozilla/5.0 (compatible; YandexBot/3.0; +http://yandex.com/bots)"
54.226.15.91 - - [15/May/2013:20:13:24 -0700] "GET / HTTP/1.1" 200 8643 "-" "Apache-HttpClient/4.2.3 (java 1.5)"
157.55.32.149 - - [15/May/2013:21:52:43 -0700] "GET /robots.txt HTTP/1.1" 404 525 "-" "Mozilla/5.0 (compatible; bingbot/2.0; +http://www.bing.com/bingbot.htm)"
157.55.32.149 - - [15/May/2013:21:54:33 -0700] "GET / HTTP/1.1" 200 2652 "-" "Mozilla/5.0 (compatible; bingbot/2.0; +http://www.bing.com/bingbot.htm)"
157.55.33.123 - - [16/May/2013:02:14:16 -0700] "GET /robots.txt HTTP/1.1" 404 525 "-" "Mozilla/5.0 (compatible; bingbot/2.0; +http://www.bing.com/bingbot.htm)"
157.55.33.123 - - [16/May/2013:02:16:02 -0700] "GET / HTTP/1.1" 200 2652 "-" "Mozilla/5.0 (compatible; bingbot/2.0; +http://www.bing.com/bingbot.htm)"
95.108.240.252 - - [16/May/2013:05:05:15 -0700] "GET /robots.txt HTTP/1.1" 404 525 "-" "Mozilla/5.0 (compatible; YandexBot/3.0; +http://yandex.com/bots)"
66.249.76.232 - - [16/May/2013:06:10:31 -0700] "GET /robots.txt HTTP/1.1" 404 502 "-" "Mozilla/5.0 (compatible; Googlebot/2.1; +http://www.google.com/bot.html)"
66.249.76.232 - - [16/May/2013:06:10:31 -0700] "GET /sponsors.php HTTP/1.1" 200 331 "-" "Mozilla/5.0 (compatible; Googlebot/2.1; +http://www.google.com/bot.html)"
95.108.240.252 - - [16/May/2013:06:44:22 -0700] "GET /robots.txt HTTP/1.1" 404 525 "-" "Mozilla/5.0 (compatible; YandexBot/3.0; +http://yandex.com/bots)"
95.108.240.252 - - [16/May/2013:08:23:30 -0700] "GET /robots.txt HTTP/1.1" 404 525 "-" "Mozilla/5.0 (compatible; YandexBot/3.0; +http://yandex.com/bots)"
157.55.32.149 - - [16/May/2013:09:08:34 -0700] "GET /robots.txt HTTP/1.1" 404 525 "-" "Mozilla/5.0 (compatible; bingbot/2.0; +http://www.bing.com/bingbot.htm)"
157.55.32.149 - - [16/May/2013:09:10:35 -0700] "GET / HTTP/1.1" 200 2652 "-" "Mozilla/5.0 (compatible; bingbot/2.0; +http://www.bing.com/bingbot.htm)"
95.108.240.252 - - [16/May/2013:10:02:38 -0700] "GET /index.php HTTP/1.1" 200 570 "-" "Mozilla/5.0 (compatible; YandexBot/3.0; +http://yandex.com/bots)"
95.108.240.252 - - [16/May/2013:11:41:46 -0700] "GET /index.php HTTP/1.1" 200 570 "-" "Mozilla/5.0 (compatible; YandexBot/3.0; +http://yandex.com/bots)"
95.108.240.252 - - [16/May/2013:13:41:16 -0700] "GET /index.php HTTP/1.1" 200 570 "-" "Mozilla/5.0 (compatible; YandexBot/3.0; +http://yandex.com/bots)"
157.55.33.123 - - [16/May/2013:13:58:31 -0700] "GET /robots.txt HTTP/1.1" 404 525 "-" "Mozilla/5.0 (compatible; bingbot/2.0; +http://www.bing.com/bingbot.htm)"
157.55.33.123 - - [16/May/2013:14:01:03 -0700] "GET / HTTP/1.1" 200 2652 "-" "Mozilla/5.0 (compatible; bingbot/2.0; +http://www.bing.com/bingbot.htm)"
174.142.53.72 - - [16/May/2013:14:33:29 -0700] "GET /admin/cdr/counter.txt HTTP/1.1" 404 483 "-" "-"
65.55.24.246 - - [16/May/2013:14:50:56 -0700] "GET /robots.txt HTTP/1.1" 404 525 "-" "Mozilla/5.0 (compatible; bingbot/2.0; +http://www.bing.com/bingbot.htm)"
65.55.24.246 - - [16/May/2013:14:52:33 -0700] "GET /competition.php HTTP/1.1" 200 340 "-" "Mozilla/5.0 (compatible; bingbot/2.0; +http://www.bing.com/bingbot.htm)"
157.55.34.32 - - [16/May/2013:14:53:32 -0700] "GET /sponsors.php HTTP/1.1" 200 332 "-" "Mozilla/5.0 (compatible; bingbot/2.0; +http://www.bing.com/bingbot.htm)"
66.249.76.232 - - [16/May/2013:15:40:45 -0700] "GET / HTTP/1.1" 200 2652 "-" "Mozilla/5.0 (iPhone; U; CPU iPhone OS 4_1 like Mac OS X; en-us) AppleWebKit/532.9 (KHTML, like Gecko) Version/4.0.5 Mobile/8B117 Safari/6531.22.7 (compatible; Googlebot-Mobile/2.1; +http://www.google.com/bot.html)"
157.55.32.149 - - [16/May/2013:15:51:24 -0700] "GET /robots.txt HTTP/1.1" 404 525 "-" "Mozilla/5.0 (compatible; bingbot/2.0; +http://www.bing.com/bingbot.htm)"
157.55.32.149 - - [16/May/2013:15:53:39 -0700] "GET / HTTP/1.1" 200 2652 "-" "Mozilla/5.0 (compatible; bingbot/2.0; +http://www.bing.com/bingbot.htm)"
95.108.240.252 - - [16/May/2013:18:28:39 -0700] "GET /robots.txt HTTP/1.1" 404 525 "-" "Mozilla/5.0 (compatible; YandexBot/3.0; +http://yandex.com/bots)"
95.108.240.252 - - [16/May/2013:19:41:43 -0700] "GET /robots.txt HTTP/1.1" 404 525 "-" "Mozilla/5.0 (compatible; YandexBot/3.0; +http://yandex.com/bots)"
95.108.240.252 - - [16/May/2013:20:54:46 -0700] "GET /about.html HTTP/1.1" 200 3008 "-" "Mozilla/5.0 (compatible; YandexBot/3.0; +http://yandex.com/bots)"
157.55.32.149 - - [16/May/2013:21:35:09 -0700] "GET /robots.txt HTTP/1.1" 404 525 "-" "Mozilla/5.0 (compatible; bingbot/2.0; +http://www.bing.com/bingbot.htm)"
157.55.32.149 - - [16/May/2013:21:36:57 -0700] "GET / HTTP/1.1" 200 2652 "-" "Mozilla/5.0 (compatible; bingbot/2.0; +http://www.bing.com/bingbot.htm)"
91.239.15.173 - - [16/May/2013:21:56:51 -0700] "GET / HTTP/1.1" 200 8643 "-" "-"
95.108.240.252 - - [16/May/2013:22:32:02 -0700] "GET /about.html HTTP/1.1" 200 3008 "-" "Mozilla/5.0 (compatible; YandexBot/3.0; +http://yandex.com/bots)"
95.108.240.252 - - [16/May/2013:23:39:02 -0700] "GET /index.html HTTP/1.1" 200 2652 "-" "Mozilla/5.0 (compatible; YandexBot/3.0; +http://yandex.com/bots)"
95.108.240.252 - - [17/May/2013:00:46:02 -0700] "GET /index.html HTTP/1.1" 200 2652 "-" "Mozilla/5.0 (compatible; YandexBot/3.0; +http://yandex.com/bots)"
157.55.33.123 - - [17/May/2013:01:19:11 -0700] "GET /robots.txt HTTP/1.1" 404 525 "-" "Mozilla/5.0 (compatible; bingbot/2.0; +http://www.bing.com/bingbot.htm)"
157.55.33.123 - - [17/May/2013:01:20:56 -0700] "GET / HTTP/1.1" 200 2652 "-" "Mozilla/5.0 (compatible; bingbot/2.0; +http://www.bing.com/bingbot.htm)"
95.108.240.252 - - [17/May/2013:01:57:42 -0700] "GET /contact.html HTTP/1.1" 200 2388 "-" "Mozilla/5.0 (compatible; YandexBot/3.0; +http://yandex.com/bots)"
95.108.240.252 - - [17/May/2013:02:31:32 -0700] "GET /contact.html HTTP/1.1" 200 2388 "-" "Mozilla/5.0 (compatible; YandexBot/3.0; +http://yandex.com/bots)"
157.55.32.149 - - [17/May/2013:10:50:17 -0700] "GET /robots.txt HTTP/1.1" 404 525 "-" "Mozilla/5.0 (compatible; bingbot/2.0; +http://www.bing.com/bingbot.htm)"
157.55.32.149 - - [17/May/2013:10:52:02 -0700] "GET / HTTP/1.1" 200 2652 "-" "Mozilla/5.0 (compatible; bingbot/2.0; +http://www.bing.com/bingbot.htm)"
60.173.11.249 - - [17/May/2013:11:01:07 -0700] "GET http://proxyjudge1.proxyfire.net/fastenv HTTP/1.1" 404 537 "-" "Mozilla/5.0 (compatible; MSIE 9.0; Windows NT 6.1; Trident/5.0)"
174.142.53.72 - - [17/May/2013:11:57:59 -0700] "GET /admin/cdr/counter.txt HTTP/1.1" 404 483 "-" "-"
206.190.130.124 - - [17/May/2013:12:01:52 -0700] "HEAD / HTTP/1.0" 200 279 "-" "-"
65.55.215.67 - - [17/May/2013:16:16:58 -0700] "GET /robots.txt HTTP/1.1" 404 463 "-" "msnbot-media/1.1 (+http://search.msn.com/msnbot.htm)"
65.55.215.67 - - [17/May/2013:16:16:58 -0700] "GET /images/home/2.jpg HTTP/1.1" 200 1288178 "-" "msnbot-media/1.1 (+http://search.msn.com/msnbot.htm)"
199.30.16.23 - - [17/May/2013:16:46:43 -0700] "GET /robots.txt HTTP/1.1" 404 463 "-" "msnbot-media/1.1 (+http://search.msn.com/msnbot.htm)"
199.30.16.23 - - [17/May/2013:16:46:43 -0700] "GET /images/home/3.jpg HTTP/1.1" 200 222759 "-" "msnbot-media/1.1 (+http://search.msn.com/msnbot.htm)"
66.249.74.219 - - [17/May/2013:17:17:24 -0700] "GET /robots.txt HTTP/1.1" 404 501 "-" "Mozilla/5.0 (compatible; Googlebot/2.1; +http://www.google.com/bot.html)"
66.249.74.219 - - [17/May/2013:17:17:24 -0700] "GET /sponsors.php HTTP/1.1" 200 331 "-" "Mozilla/5.0 (compatible; Googlebot/2.1; +http://www.google.com/bot.html)"
157.55.32.149 - - [17/May/2013:19:47:44 -0700] "GET /robots.txt HTTP/1.1" 404 525 "-" "Mozilla/5.0 (compatible; bingbot/2.0; +http://www.bing.com/bingbot.htm)"
157.55.32.149 - - [17/May/2013:19:49:32 -0700] "GET / HTTP/1.1" 200 2652 "-" "Mozilla/5.0 (compatible; bingbot/2.0; +http://www.bing.com/bingbot.htm)"
199.30.20.102 - - [17/May/2013:20:26:39 -0700] "GET /robots.txt HTTP/1.1" 404 463 "-" "msnbot-media/1.1 (+http://search.msn.com/msnbot.htm)"
199.30.20.102 - - [17/May/2013:20:26:39 -0700] "GET /images/home/1.jpg HTTP/1.1" 200 222759 "-" "msnbot-media/1.1 (+http://search.msn.com/msnbot.htm)"
108.185.103.13 - - [17/May/2013:20:36:19 -0700] "GET / HTTP/1.1" 200 2652 "-" "Mozilla/5.0 (Windows NT 6.1; WOW64) AppleWebKit/537.31 (KHTML, like Gecko) Chrome/26.0.1410.64 Safari/537.31"
108.185.103.13 - - [17/May/2013:20:36:19 -0700] "GET /styles/style.css HTTP/1.1" 200 4297 "http://uscauv.com/" "Mozilla/5.0 (Windows NT 6.1; WOW64) AppleWebKit/537.31 (KHTML, like Gecko) Chrome/26.0.1410.64 Safari/537.31"
108.185.103.13 - - [17/May/2013:20:36:19 -0700] "GET /styles/base.css HTTP/1.1" 200 1326 "http://uscauv.com/" "Mozilla/5.0 (Windows NT 6.1; WOW64) AppleWebKit/537.31 (KHTML, like Gecko) Chrome/26.0.1410.64 Safari/537.31"
108.185.103.13 - - [17/May/2013:20:36:19 -0700] "GET /scripts/jquery.pikachoose.js HTTP/1.1" 200 9221 "http://uscauv.com/" "Mozilla/5.0 (Windows NT 6.1; WOW64) AppleWebKit/537.31 (KHTML, like Gecko) Chrome/26.0.1410.64 Safari/537.31"
108.185.103.13 - - [17/May/2013:20:36:20 -0700] "GET /images/noise.png HTTP/1.1" 404 505 "http://uscauv.com/" "Mozilla/5.0 (Windows NT 6.1; WOW64) AppleWebKit/537.31 (KHTML, like Gecko) Chrome/26.0.1410.64 Safari/537.31"
108.185.103.13 - - [17/May/2013:20:36:20 -0700] "GET /images/uscauvlogo.png HTTP/1.1" 200 30588 "http://uscauv.com/" "Mozilla/5.0 (Windows NT 6.1; WOW64) AppleWebKit/537.31 (KHTML, like Gecko) Chrome/26.0.1410.64 Safari/537.31"
108.185.103.13 - - [17/May/2013:20:36:20 -0700] "GET /images/bg.png HTTP/1.1" 200 47489 "http://uscauv.com/" "Mozilla/5.0 (Windows NT 6.1; WOW64) AppleWebKit/537.31 (KHTML, like Gecko) Chrome/26.0.1410.64 Safari/537.31"
108.185.103.13 - - [17/May/2013:20:36:20 -0700] "GET /images/usc_viterbi_logo.png HTTP/1.1" 200 114787 "http://uscauv.com/" "Mozilla/5.0 (Windows NT 6.1; WOW64) AppleWebKit/537.31 (KHTML, like Gecko) Chrome/26.0.1410.64 Safari/537.31"
108.185.103.13 - - [17/May/2013:20:36:20 -0700] "GET /images/social.png HTTP/1.1" 200 6343 "http://uscauv.com/" "Mozilla/5.0 (Windows NT 6.1; WOW64) AppleWebKit/537.31 (KHTML, like Gecko) Chrome/26.0.1410.64 Safari/537.31"
108.185.103.13 - - [17/May/2013:20:36:21 -0700] "GET /images/pause.png HTTP/1.1" 200 53510 "http://uscauv.com/" "Mozilla/5.0 (Windows NT 6.1; WOW64) AppleWebKit/537.31 (KHTML, like Gecko) Chrome/26.0.1410.64 Safari/537.31"
108.185.103.13 - - [17/May/2013:20:36:20 -0700] "GET /images/home/3.jpg HTTP/1.1" 200 222797 "http://uscauv.com/" "Mozilla/5.0 (Windows NT 6.1; WOW64) AppleWebKit/537.31 (KHTML, like Gecko) Chrome/26.0.1410.64 Safari/537.31"
108.185.103.13 - - [17/May/2013:20:36:20 -0700] "GET /images/home/1.jpg HTTP/1.1" 200 222797 "http://uscauv.com/" "Mozilla/5.0 (Windows NT 6.1; WOW64) AppleWebKit/537.31 (KHTML, like Gecko) Chrome/26.0.1410.64 Safari/537.31"
108.185.103.13 - - [17/May/2013:20:36:21 -0700] "GET /images/next.png HTTP/1.1" 200 52570 "http://uscauv.com/" "Mozilla/5.0 (Windows NT 6.1; WOW64) AppleWebKit/537.31 (KHTML, like Gecko) Chrome/26.0.1410.64 Safari/537.31"
108.185.103.13 - - [17/May/2013:20:36:21 -0700] "GET /images/prev.png HTTP/1.1" 200 53341 "http://uscauv.com/" "Mozilla/5.0 (Windows NT 6.1; WOW64) AppleWebKit/537.31 (KHTML, like Gecko) Chrome/26.0.1410.64 Safari/537.31"
108.185.103.13 - - [17/May/2013:20:36:21 -0700] "GET /images/loading.gif HTTP/1.1" 200 964 "http://uscauv.com/" "Mozilla/5.0 (Windows NT 6.1; WOW64) AppleWebKit/537.31 (KHTML, like Gecko) Chrome/26.0.1410.64 Safari/537.31"
108.185.103.13 - - [17/May/2013:20:36:20 -0700] "GET /images/home/4.jpg HTTP/1.1" 200 1288207 "http://uscauv.com/" "Mozilla/5.0 (Windows NT 6.1; WOW64) AppleWebKit/537.31 (KHTML, like Gecko) Chrome/26.0.1410.64 Safari/537.31"
108.185.103.13 - - [17/May/2013:20:36:20 -0700] "GET /images/home/2.jpg HTTP/1.1" 200 1288216 "http://uscauv.com/" "Mozilla/5.0 (Windows NT 6.1; WOW64) AppleWebKit/537.31 (KHTML, like Gecko) Chrome/26.0.1410.64 Safari/537.31"
108.185.103.13 - - [17/May/2013:20:36:22 -0700] "GET /favicon.ico HTTP/1.1" 404 501 "-" "Mozilla/5.0 (Windows NT 6.1; WOW64) AppleWebKit/537.31 (KHTML, like Gecko) Chrome/26.0.1410.64 Safari/537.31"
108.185.103.13 - - [17/May/2013:20:36:25 -0700] "GET /gallery.html HTTP/1.1" 200 1823 "http://uscauv.com/" "Mozilla/5.0 (Windows NT 6.1; WOW64) AppleWebKit/537.31 (KHTML, like Gecko) Chrome/26.0.1410.64 Safari/537.31"
108.185.103.13 - - [17/May/2013:20:36:25 -0700] "GET /styles/jquery.fancybox-1.3.4.css HTTP/1.1" 200 2156 "http://uscauv.com/gallery.html" "Mozilla/5.0 (Windows NT 6.1; WOW64) AppleWebKit/537.31 (KHTML, like Gecko) Chrome/26.0.1410.64 Safari/537.31"
108.185.103.13 - - [17/May/2013:20:36:25 -0700] "GET /scripts/jquery.fancybox-1.3.4.pack.js HTTP/1.1" 200 5927 "http://uscauv.com/gallery.html" "Mozilla/5.0 (Windows NT 6.1; WOW64) AppleWebKit/537.31 (KHTML, like Gecko) Chrome/26.0.1410.64 Safari/537.31"
108.185.103.13 - - [17/May/2013:20:36:25 -0700] "GET /images/noise.png HTTP/1.1" 404 505 "http://uscauv.com/gallery.html" "Mozilla/5.0 (Windows NT 6.1; WOW64) AppleWebKit/537.31 (KHTML, like Gecko) Chrome/26.0.1410.64 Safari/537.31"
108.185.103.13 - - [17/May/2013:20:36:25 -0700] "GET /images/gallery/5.jpg HTTP/1.1" 404 509 "http://uscauv.com/gallery.html" "Mozilla/5.0 (Windows NT 6.1; WOW64) AppleWebKit/537.31 (KHTML, like Gecko) Chrome/26.0.1410.64 Safari/537.31"
108.185.103.13 - - [17/May/2013:20:36:26 -0700] "GET /images/gallery/7.jpg HTTP/1.1" 404 509 "http://uscauv.com/gallery.html" "Mozilla/5.0 (Windows NT 6.1; WOW64) AppleWebKit/537.31 (KHTML, like Gecko) Chrome/26.0.1410.64 Safari/537.31"
108.185.103.13 - - [17/May/2013:20:36:25 -0700] "GET /images/gallery/6.jpg HTTP/1.1" 200 364318 "http://uscauv.com/gallery.html" "Mozilla/5.0 (Windows NT 6.1; WOW64) AppleWebKit/537.31 (KHTML, like Gecko) Chrome/26.0.1410.64 Safari/537.31"
108.185.103.13 - - [17/May/2013:20:36:25 -0700] "GET /images/gallery/1.jpg HTTP/1.1" 200 521596 "http://uscauv.com/gallery.html" "Mozilla/5.0 (Windows NT 6.1; WOW64) AppleWebKit/537.31 (KHTML, like Gecko) Chrome/26.0.1410.64 Safari/537.31"
108.185.103.13 - - [17/May/2013:20:36:25 -0700] "GET /images/gallery/2.jpg HTTP/1.1" 200 375143 "http://uscauv.com/gallery.html" "Mozilla/5.0 (Windows NT 6.1; WOW64) AppleWebKit/537.31 (KHTML, like Gecko) Chrome/26.0.1410.64 Safari/537.31"
108.185.103.13 - - [17/May/2013:20:36:25 -0700] "GET /images/gallery/3.jpg HTTP/1.1" 200 338299 "http://uscauv.com/gallery.html" "Mozilla/5.0 (Windows NT 6.1; WOW64) AppleWebKit/537.31 (KHTML, like Gecko) Chrome/26.0.1410.64 Safari/537.31"
108.185.103.13 - - [17/May/2013:20:36:25 -0700] "GET /images/gallery/4.jpg HTTP/1.1" 200 437714 "http://uscauv.com/gallery.html" "Mozilla/5.0 (Windows NT 6.1; WOW64) AppleWebKit/537.31 (KHTML, like Gecko) Chrome/26.0.1410.64 Safari/537.31"
108.185.103.13 - - [17/May/2013:20:36:26 -0700] "GET /images/gallery/8.jpg HTTP/1.1" 200 367342 "http://uscauv.com/gallery.html" "Mozilla/5.0 (Windows NT 6.1; WOW64) AppleWebKit/537.31 (KHTML, like Gecko) Chrome/26.0.1410.64 Safari/537.31"
108.185.103.13 - - [17/May/2013:20:36:27 -0700] "GET /favicon.ico HTTP/1.1" 404 501 "-" "Mozilla/5.0 (Windows NT 6.1; WOW64) AppleWebKit/537.31 (KHTML, like Gecko) Chrome/26.0.1410.64 Safari/537.31"
